  $ ../../../../../../../install/default/bin/stanc --auto-format bones.stan
data {
  int<lower=0> nChild;
  int<lower=0> nInd;
  array[nInd, 4] real gamma;
  array[nInd] real delta;
  array[nInd] int<lower=0> ncat;
  array[nChild, nInd] int grade;
}
parameters {
  array[nChild] real theta;
}
model {
  array[nChild, nInd, 5] real p;
  array[nChild, nInd, 4] real Q;
  theta ~ normal(0.0, 36);
  for (i in 1 : nChild) {
    for (j in 1 : nInd) {
      for (k in 1 : (ncat[j] - 1)) 
        Q[i, j, k] <- inv_logit(delta[j] * (theta[i] - gamma[j, k]));
      p[i, j, 1] <- 1 - Q[i, j, 1];
      for (k in 2 : (ncat[j] - 1)) 
        p[i, j, k] <- Q[i, j, k - 1] - Q[i, j, k];
      p[i, j, ncat[j]] <- Q[i, j, ncat[j] - 1];
      if (grade[i, j] != -1) 
        increment_log_prob(log(p[i, j, grade[i, j]]));
    }
  }
}

Warning in 'bones.stan', line 40, column 19: assignment operator <- is deprecated in the Stan language; use = instead.
Warning in 'bones.stan', line 41, column 17: assignment operator <- is deprecated in the Stan language; use = instead.
Warning in 'bones.stan', line 43, column 19: assignment operator <- is deprecated in the Stan language; use = instead.
Warning in 'bones.stan', line 44, column 23: assignment operator <- is deprecated in the Stan language; use = instead.
Warning in 'bones.stan', line 51, column 8: increment_log_prob(...); is deprecated and will be removed in the future. Use target += ...; instead.
