  $ ../../../../../../../install/default/bin/stanc --auto-format dyes.stan
data {
  int BATCHES;
  int SAMPLES;
  array[BATCHES, SAMPLES] real y;
}
parameters {
  real<lower=0> tau_between;
  real<lower=0> tau_within;
  real theta;
  array[BATCHES] real mu;
}
transformed parameters {
  real sigma_between;
  real sigma_within;
  sigma_between <- 1 / sqrt(tau_between);
  sigma_within <- 1 / sqrt(tau_within);
}
model {
  theta ~ normal(0.0, 1E5);
  tau_between ~ gamma(.001, .001);
  tau_within ~ gamma(.001, .001);
  mu ~ normal(theta, sigma_between);
  for (n in 1 : BATCHES) 
    y[n] ~ normal(mu[n], sigma_within);
}
generated quantities {
  real sigmasq_between;
  real sigmasq_within;
  sigmasq_between <- 1 / tau_between;
  sigmasq_within <- 1 / tau_within;
}

Warning in 'dyes.stan', line 1, column 0: Comments beginning with # are deprecated. Please use // in place of # for line comments.
Warning in 'dyes.stan', line 2, column 0: Comments beginning with # are deprecated. Please use // in place of # for line comments.
Warning in 'dyes.stan', line 21, column 16: assignment operator <- is deprecated in the Stan language; use = instead.
Warning in 'dyes.stan', line 22, column 15: assignment operator <- is deprecated in the Stan language; use = instead.
Warning in 'dyes.stan', line 39, column 18: assignment operator <- is deprecated in the Stan language; use = instead.
Warning in 'dyes.stan', line 40, column 17: assignment operator <- is deprecated in the Stan language; use = instead.
