  $ ../../../../../../install/default/bin/stanc --auto-format soil_incubation.stan
functions {
  array[] real two_pool_feedback(real t, array[] real C, array[] real theta,
                                 array[] real x_r, array[] int x_i) {
    real k1;
    real k2;
    real alpha21;
    real alpha12;
    array[2] real dC_dt;
    k1 <- theta[1];
    k2 <- theta[2];
    alpha21 <- theta[3];
    alpha12 <- theta[4];
    dC_dt[1] <- -k1 * C[1] + alpha12 * k2 * C[2];
    dC_dt[2] <- -k2 * C[2] + alpha21 * k1 * C[1];
    return dC_dt;
  }
  array[] real evolved_CO2(int N_t, data real t0, data array[] real ts,
                           real gamma, real totalC_t0, real k1, real k2,
                           real alpha21, real alpha12, data array[] real x_r,
                           data array[] int x_i) {
    array[2] real C_t0;
    array[4] real theta;
    array[N_t, 2] real C_hat;
    array[N_t] real eCO2_hat;
    C_t0[1] <- gamma * totalC_t0;
    C_t0[2] <- (1 - gamma) * totalC_t0;
    theta[1] <- k1;
    theta[2] <- k2;
    theta[3] <- alpha21;
    theta[4] <- alpha12;
    C_hat <- integrate_ode(two_pool_feedback, C_t0, t0, ts, theta, x_r, x_i);
    for (t in 1 : N_t) 
      eCO2_hat[t] <- totalC_t0 - sum(C_hat[t]);
    return eCO2_hat;
  }
}
data {
  real<lower=0> totalC_t0;
  real t0;
  int<lower=0> N_t;
  array[N_t] real<lower=t0> ts;
  array[N_t] real<lower=0> eCO2mean;
}
transformed data {
  array[0] real x_r;
  array[0] int x_i;
}
parameters {
  real<lower=0> k1;
  real<lower=0> k2;
  real<lower=0> alpha21;
  real<lower=0> alpha12;
  real<lower=0, upper=1> gamma;
  real<lower=0> sigma;
}
transformed parameters {
  array[N_t] real eCO2_hat;
  eCO2_hat <- evolved_CO2(N_t, t0, ts, gamma, totalC_t0, k1, k2, alpha21,
                          alpha12, x_r, x_i);
}
model {
  gamma ~ beta(10, 1);
  k1 ~ normal(0, 1);
  k2 ~ normal(0, 1);
  alpha21 ~ normal(0, 1);
  alpha12 ~ normal(0, 1);
  sigma ~ cauchy(0, 1);
  for (t in 1 : N_t) 
    eCO2mean[t] ~ normal(eCO2_hat[t], sigma);
}

Warning in 'soil_incubation.stan', line 43, column 7: assignment operator <- is deprecated in the Stan language; use = instead.
Warning in 'soil_incubation.stan', line 44, column 7: assignment operator <- is deprecated in the Stan language; use = instead.
Warning in 'soil_incubation.stan', line 45, column 12: assignment operator <- is deprecated in the Stan language; use = instead.
Warning in 'soil_incubation.stan', line 46, column 12: assignment operator <- is deprecated in the Stan language; use = instead.
Warning in 'soil_incubation.stan', line 48, column 13: assignment operator <- is deprecated in the Stan language; use = instead.
Warning in 'soil_incubation.stan', line 49, column 13: assignment operator <- is deprecated in the Stan language; use = instead.
Warning in 'soil_incubation.stan', line 85, column 12: assignment operator <- is deprecated in the Stan language; use = instead.
Warning in 'soil_incubation.stan', line 86, column 12: assignment operator <- is deprecated in the Stan language; use = instead.
Warning in 'soil_incubation.stan', line 88, column 13: assignment operator <- is deprecated in the Stan language; use = instead.
Warning in 'soil_incubation.stan', line 89, column 13: assignment operator <- is deprecated in the Stan language; use = instead.
Warning in 'soil_incubation.stan', line 90, column 13: assignment operator <- is deprecated in the Stan language; use = instead.
Warning in 'soil_incubation.stan', line 91, column 13: assignment operator <- is deprecated in the Stan language; use = instead.
Warning in 'soil_incubation.stan', line 93, column 10: assignment operator <- is deprecated in the Stan language; use = instead.
Warning in 'soil_incubation.stan', line 97, column 18: assignment operator <- is deprecated in the Stan language; use = instead.
Warning in 'soil_incubation.stan', line 129, column 11: assignment operator <- is deprecated in the Stan language; use = instead.
Warning in 'soil_incubation.stan', line 93, column 13: integrate_ode is deprecated and will be removed in the future. Use ode_rk45 instead. 
The new interface is slightly different, see: 
https://mc-stan.org/users/documentation/case-studies/convert_odes.html
  $ ../../../../../../install/default/bin/stanc --auto-format soil_incubation_measurement_err.stan
functions {
  array[] real two_pool_feedback(real t, array[] real C, array[] real theta,
                                 array[] real x_r, array[] int x_i) {
    real k1;
    real k2;
    real alpha21;
    real alpha12;
    array[2] real dC_dt;
    k1 <- theta[1];
    k2 <- theta[2];
    alpha21 <- theta[3];
    alpha12 <- theta[4];
    dC_dt[1] <- -k1 * C[1] + alpha12 * k2 * C[2];
    dC_dt[2] <- alpha21 * k1 * C[1] - k2 * C[2];
    return dC_dt;
  }
  array[] real evolved_CO2(int N_t, data real t0, data array[] real ts,
                           real gamma, real totalC_t0, real k1, real k2,
                           real alpha21, real alpha12, data array[] real x_r,
                           data array[] int x_i) {
    array[2] real C_t0;
    array[4] real theta;
    array[N_t, 2] real C_hat;
    array[N_t] real eCO2_hat;
    C_t0[1] <- gamma * totalC_t0;
    C_t0[2] <- (1 - gamma) * totalC_t0;
    theta[1] <- k1;
    theta[2] <- k2;
    theta[3] <- alpha21;
    theta[4] <- alpha12;
    C_hat <- integrate_ode(two_pool_feedback, C_t0, t0, ts, theta, x_r, x_i);
    for (t in 1 : N_t) 
      eCO2_hat[t] <- totalC_t0 - sum(C_hat[t]);
    return eCO2_hat;
  }
}
data {
  real<lower=0> totalC_t0;
  real t0;
  int<lower=0> N_t;
  array[N_t] real<lower=t0> ts;
  vector<lower=0>[N_t] eCO2mean;
  array[N_t] real<lower=0> eCO2sd;
}
transformed data {
  array[0] real x_r;
  array[0] int x_i;
}
parameters {
  real<lower=0> k1;
  real<lower=0> k2;
  real<lower=0> alpha21;
  real<lower=0> alpha12;
  real<lower=0, upper=1> gamma;
  real<lower=0> sigma;
  vector<lower=0>[N_t] eCO2;
}
transformed parameters {
  array[N_t] real eCO2_hat;
  eCO2_hat <- evolved_CO2(N_t, t0, ts, gamma, totalC_t0, k1, k2, alpha21,
                          alpha12, x_r, x_i);
}
model {
  gamma ~ beta(10, 1);
  k1 ~ normal(0, 1);
  k2 ~ normal(0, 1);
  alpha21 ~ normal(0, 1);
  alpha12 ~ normal(0, 1);
  sigma ~ normal(0, 1);
  eCO2 ~ normal(eCO2_hat, sigma);
  eCO2mean ~ normal(eCO2, eCO2sd);
}

Warning in 'soil_incubation_measurement_err.stan', line 12, column 7: assignment operator <- is deprecated in the Stan language; use = instead.
Warning in 'soil_incubation_measurement_err.stan', line 13, column 7: assignment operator <- is deprecated in the Stan language; use = instead.
Warning in 'soil_incubation_measurement_err.stan', line 14, column 12: assignment operator <- is deprecated in the Stan language; use = instead.
Warning in 'soil_incubation_measurement_err.stan', line 15, column 12: assignment operator <- is deprecated in the Stan language; use = instead.
Warning in 'soil_incubation_measurement_err.stan', line 17, column 13: assignment operator <- is deprecated in the Stan language; use = instead.
Warning in 'soil_incubation_measurement_err.stan', line 18, column 13: assignment operator <- is deprecated in the Stan language; use = instead.
Warning in 'soil_incubation_measurement_err.stan', line 35, column 12: assignment operator <- is deprecated in the Stan language; use = instead.
Warning in 'soil_incubation_measurement_err.stan', line 36, column 12: assignment operator <- is deprecated in the Stan language; use = instead.
Warning in 'soil_incubation_measurement_err.stan', line 38, column 13: assignment operator <- is deprecated in the Stan language; use = instead.
Warning in 'soil_incubation_measurement_err.stan', line 39, column 13: assignment operator <- is deprecated in the Stan language; use = instead.
Warning in 'soil_incubation_measurement_err.stan', line 40, column 13: assignment operator <- is deprecated in the Stan language; use = instead.
Warning in 'soil_incubation_measurement_err.stan', line 41, column 13: assignment operator <- is deprecated in the Stan language; use = instead.
Warning in 'soil_incubation_measurement_err.stan', line 43, column 10: assignment operator <- is deprecated in the Stan language; use = instead.
Warning in 'soil_incubation_measurement_err.stan', line 47, column 18: assignment operator <- is deprecated in the Stan language; use = instead.
Warning in 'soil_incubation_measurement_err.stan', line 81, column 11: assignment operator <- is deprecated in the Stan language; use = instead.
Warning in 'soil_incubation_measurement_err.stan', line 43, column 13: integrate_ode is deprecated and will be removed in the future. Use ode_rk45 instead. 
The new interface is slightly different, see: 
https://mc-stan.org/users/documentation/case-studies/convert_odes.html
