  $ ../../../../../../../install/default/bin/stanc --auto-format pines-2.stan
data {
  int<lower=0> N;
  vector[N] y;
  vector[N] x;
  vector[N] z;
}
transformed data {
  vector[N] y_std;
  vector[N] x_std;
  vector[N] z_std;
  y_std <- (y - mean(y)) / sd(y);
  x_std <- (x - mean(x)) / sd(x);
  z_std <- (z - mean(z)) / sd(z);
}
parameters {
  real alpha;
  real beta;
  real gamma;
  real delta;
  vector<lower=0>[2] sigma;
}
transformed parameters {
  vector[2] log_joint;
  log_joint[1] <- normal_log(alpha, 0, 10) + normal_log(beta, 0, 5)
                  + cauchy_log(sigma[1], 0, 5)
                  + normal_log(y_std, alpha + beta * x_std, sigma[1]);
  log_joint[2] <- normal_log(gamma, 0, 10) + normal_log(delta, 0, 5)
                  + cauchy_log(sigma[2], 0, 5)
                  + normal_log(y_std, gamma + delta * z_std, sigma[2]);
}
model {
  increment_log_prob(log_joint[1]);
  increment_log_prob(log_joint[2]);
}
generated quantities {
  real lambda;
  lambda <- softmax(log_joint)[1];
}

Warning in 'pines-2.stan', line 12, column 8: assignment operator <- is deprecated in the Stan language; use = instead.
Warning in 'pines-2.stan', line 13, column 8: assignment operator <- is deprecated in the Stan language; use = instead.
Warning in 'pines-2.stan', line 14, column 8: assignment operator <- is deprecated in the Stan language; use = instead.
Warning in 'pines-2.stan', line 27, column 4: assignment operator <- is deprecated in the Stan language; use = instead.
Warning in 'pines-2.stan', line 32, column 4: assignment operator <- is deprecated in the Stan language; use = instead.
Warning in 'pines-2.stan', line 38, column 2: increment_log_prob(...); is deprecated and will be removed in the future. Use target += ...; instead.
Warning in 'pines-2.stan', line 39, column 2: increment_log_prob(...); is deprecated and will be removed in the future. Use target += ...; instead.
Warning in 'pines-2.stan', line 43, column 9: assignment operator <- is deprecated in the Stan language; use = instead.
Warning in 'pines-2.stan', line 27, column 7: normal_log is deprecated and will be removed in the future. Use normal_lpdf instead.
Warning in 'pines-2.stan', line 28, column 6: normal_log is deprecated and will be removed in the future. Use normal_lpdf instead.
Warning in 'pines-2.stan', line 29, column 6: cauchy_log is deprecated and will be removed in the future. Use cauchy_lpdf instead.
Warning in 'pines-2.stan', line 30, column 6: normal_log is deprecated and will be removed in the future. Use normal_lpdf instead.
Warning in 'pines-2.stan', line 32, column 7: normal_log is deprecated and will be removed in the future. Use normal_lpdf instead.
Warning in 'pines-2.stan', line 33, column 6: normal_log is deprecated and will be removed in the future. Use normal_lpdf instead.
Warning in 'pines-2.stan', line 34, column 6: cauchy_log is deprecated and will be removed in the future. Use cauchy_lpdf instead.
Warning in 'pines-2.stan', line 35, column 6: normal_log is deprecated and will be removed in the future. Use normal_lpdf instead.
  $ ../../../../../../../install/default/bin/stanc --auto-format pines-3.stan
data {
  int<lower=0> N;
  vector[N] y;
  vector[N] x;
  vector[N] z;
}
transformed data {
  vector[N] y_std = (y - mean(y)) / sd(y);
  vector[N] x_std = (x - mean(x)) / sd(x);
  vector[N] z_std = (z - mean(z)) / sd(z);
  print("pines-3");
}
parameters {
  real alpha;
  real beta;
  real gamma;
  real delta;
  vector<lower=0>[2] tau;
}
transformed parameters {
  vector<lower=0>[2] sigma;
  for (i in 1 : 2) 
    sigma[i] = 1 / sqrt(tau[i]);
}
model {
  alpha ~ normal(0, sqrt(1e6));
  beta ~ normal(0, sqrt(1e4));
  tau[1] ~ gamma(0.0001, 0.0001);
  y_std ~ normal(alpha + beta * x_std, sigma[1]);
  gamma ~ normal(0, 10);
  delta ~ normal(0, 5);
  tau[2] ~ gamma(0.0001, 0.0001);
  y_std ~ normal(gamma + delta * z_std, sigma[2]);
}
generated quantities {
  vector[2] log_py;
  real lambda;
  log_py[1] = log(0.9995)
              + normal_lpdf(y_std| alpha + beta * x_std, sigma[1])
              + normal_lpdf(alpha| 0, sqrt(1e6))
              + normal_lpdf(beta| 0, sqrt(1e4))
              + gamma_lpdf(tau[1]| 0.0001, 0.0001)
              + normal_lpdf(gamma| 0.0001, 0.0001);
  log_py[2] = log(0.0005)
              + normal_lpdf(y_std| gamma + delta * z_std, sigma[2])
              + normal_lpdf(gamma| 0, sqrt(1e6))
              + normal_lpdf(delta| 0, sqrt(1e4))
              + gamma_lpdf(tau[2]| 0.0001, 0.0001);
  lambda = softmax(log_py)[1];
}

  $ ../../../../../../../install/default/bin/stanc --auto-format pines-4.stan
data {
  int<lower=0> N;
  vector[N] y;
  vector[N] x;
  vector[N] z;
}
transformed data {
  vector[N] y_std;
  vector[N] x_std;
  vector[N] z_std;
  y_std <- (y - mean(y)) / sd(y);
  x_std <- (x - mean(x)) / sd(x);
  z_std <- (z - mean(z)) / sd(z);
  print("pines-4");
}
parameters {
  real alpha;
  real beta;
  real gamma;
  real delta;
  vector<lower=0>[2] tau;
  real<lower=0, upper=1> lambda;
}
transformed parameters {
  vector<lower=0>[2] sigma;
  for (i in 1 : 2) 
    sigma[i] <- 1 / sqrt(tau[i]);
}
model {
  vector[2] log_p;
  log_p[1] <- log(lambda) + normal_log(y_std, alpha + beta * x_std, sigma[1])
              + normal_log(alpha, 0, sqrt(1e6))
              + normal_log(beta, 0, sqrt(1e4))
              + gamma_log(tau[1], 0.0001, 0.0001);
  log_p[2] <- log1m(lambda)
              + normal_log(y_std, gamma + delta * z_std, sigma[2])
              + normal_log(gamma, 0, sqrt(1e6))
              + normal_log(delta, 0, sqrt(1e4))
              + gamma_log(tau[2], 0.0001, 0.0001);
  target += log_sum_exp(log_p);
}

Warning in 'pines-4.stan', line 12, column 8: assignment operator <- is deprecated in the Stan language; use = instead.
Warning in 'pines-4.stan', line 13, column 8: assignment operator <- is deprecated in the Stan language; use = instead.
Warning in 'pines-4.stan', line 14, column 8: assignment operator <- is deprecated in the Stan language; use = instead.
Warning in 'pines-4.stan', line 28, column 13: assignment operator <- is deprecated in the Stan language; use = instead.
Warning in 'pines-4.stan', line 34, column 4: assignment operator <- is deprecated in the Stan language; use = instead.
Warning in 'pines-4.stan', line 44, column 4: assignment operator <- is deprecated in the Stan language; use = instead.
Warning in 'pines-4.stan', line 35, column 6: normal_log is deprecated and will be removed in the future. Use normal_lpdf instead.
Warning in 'pines-4.stan', line 36, column 6: normal_log is deprecated and will be removed in the future. Use normal_lpdf instead.
Warning in 'pines-4.stan', line 37, column 6: normal_log is deprecated and will be removed in the future. Use normal_lpdf instead.
Warning in 'pines-4.stan', line 38, column 6: gamma_log is deprecated and will be removed in the future. Use gamma_lpdf instead.
Warning in 'pines-4.stan', line 45, column 6: normal_log is deprecated and will be removed in the future. Use normal_lpdf instead.
Warning in 'pines-4.stan', line 46, column 6: normal_log is deprecated and will be removed in the future. Use normal_lpdf instead.
Warning in 'pines-4.stan', line 47, column 6: normal_log is deprecated and will be removed in the future. Use normal_lpdf instead.
Warning in 'pines-4.stan', line 48, column 6: gamma_log is deprecated and will be removed in the future. Use gamma_lpdf instead.
  $ ../../../../../../../install/default/bin/stanc --auto-format pines-independent.stan
data {
  int<lower=0> N;
  vector[N] y;
  vector[N] x;
  vector[N] z;
}
transformed data {
  vector[N] y_std;
  vector[N] x_std;
  vector[N] z_std;
  y_std <- (y - mean(y)) / sd(y);
  x_std <- (x - mean(x)) / sd(x);
  z_std <- (z - mean(z)) / sd(z);
  print("pines_independant");
}
parameters {
  real alpha;
  real beta;
  real gamma;
  real delta;
  vector<lower=0>[2] sigma;
}
model {
  array[2] vector[N] mu;
  alpha ~ normal(0, 10);
  beta ~ normal(0, 5);
  mu[1] <- alpha + beta * x_std;
  gamma ~ normal(0, 10);
  delta ~ normal(0, 5);
  mu[2] <- gamma + delta * z_std;
  sigma ~ cauchy(0, 5);
  y_std ~ normal(mu[1], sigma[1]);
  y_std ~ normal(mu[2], sigma[2]);
}

Warning in 'pines-independent.stan', line 12, column 8: assignment operator <- is deprecated in the Stan language; use = instead.
Warning in 'pines-independent.stan', line 13, column 8: assignment operator <- is deprecated in the Stan language; use = instead.
Warning in 'pines-independent.stan', line 14, column 8: assignment operator <- is deprecated in the Stan language; use = instead.
Warning in 'pines-independent.stan', line 29, column 8: assignment operator <- is deprecated in the Stan language; use = instead.
Warning in 'pines-independent.stan', line 33, column 8: assignment operator <- is deprecated in the Stan language; use = instead.
  $ ../../../../../../../install/default/bin/stanc --auto-format pines.stan
data {
  int<lower=0> N;
  vector[N] y;
  vector[N] x;
  vector[N] z;
}
transformed data {
  vector[N] y_std;
  vector[N] x_std;
  vector[N] z_std;
  y_std <- (y - mean(y)) / sd(y);
  x_std <- (x - mean(x)) / sd(x);
  z_std <- (z - mean(z)) / sd(z);
}
parameters {
  real alpha;
  real beta;
  real gamma;
  real delta;
  vector<lower=0>[2] tau;
  real<lower=0, upper=1> lambda;
}
transformed parameters {
  vector<lower=0>[2] sigma;
  vector[2] log_py;
  for (i in 1 : 2) 
    sigma[i] <- 1 / sqrt(tau[i]);
  log_py[1] <- log(lambda) + log(0.9995)
               + normal_log(y_std, alpha + beta * x_std, sigma[1])
               + normal_log(alpha, 0, sqrt(1e6))
               + normal_log(beta, 0, sqrt(1e4))
               + gamma_log(tau[1], 0.0001, 0.0001)
               + normal_log(gamma, 0, sqrt(1 / 400.0))
               + normal_log(delta, 1, sqrt(1 / 400.0))
               + gamma_log(tau[2], 46, 4.5);
  log_py[2] <- log(lambda) + log1m(0.0005)
               + normal_log(y_std, gamma + delta * z_std, sigma[2])
               + normal_log(gamma, 0, sqrt(1e6))
               + normal_log(delta, 0, sqrt(1e4))
               + gamma_log(tau[2], 0.0001, 0.0001)
               + normal_log(alpha, 0, sqrt(1 / 256.0))
               + normal_log(beta, 1, sqrt(1 / 256.0))
               + gamma_log(tau[1], 30, 4.5);
}
model {
  increment_log_prob(log_sum_exp(log_py));
}
generated quantities {
  real pM2;
  pM2 <- bernoulli_rng(softmax(log_py)[2]);
}

Warning in 'pines.stan', line 12, column 8: assignment operator <- is deprecated in the Stan language; use = instead.
Warning in 'pines.stan', line 13, column 8: assignment operator <- is deprecated in the Stan language; use = instead.
Warning in 'pines.stan', line 14, column 8: assignment operator <- is deprecated in the Stan language; use = instead.
Warning in 'pines.stan', line 29, column 13: assignment operator <- is deprecated in the Stan language; use = instead.
Warning in 'pines.stan', line 31, column 12: assignment operator <- is deprecated in the Stan language; use = instead.
Warning in 'pines.stan', line 42, column 12: assignment operator <- is deprecated in the Stan language; use = instead.
Warning in 'pines.stan', line 54, column 2: increment_log_prob(...); is deprecated and will be removed in the future. Use target += ...; instead.
Warning in 'pines.stan', line 58, column 6: assignment operator <- is deprecated in the Stan language; use = instead.
Warning in 'pines.stan', line 32, column 6: normal_log is deprecated and will be removed in the future. Use normal_lpdf instead.
Warning in 'pines.stan', line 33, column 6: normal_log is deprecated and will be removed in the future. Use normal_lpdf instead.
Warning in 'pines.stan', line 34, column 6: normal_log is deprecated and will be removed in the future. Use normal_lpdf instead.
Warning in 'pines.stan', line 35, column 6: gamma_log is deprecated and will be removed in the future. Use gamma_lpdf instead.
Warning in 'pines.stan', line 37, column 6: normal_log is deprecated and will be removed in the future. Use normal_lpdf instead.
Warning in 'pines.stan', line 38, column 6: normal_log is deprecated and will be removed in the future. Use normal_lpdf instead.
Warning in 'pines.stan', line 39, column 6: gamma_log is deprecated and will be removed in the future. Use gamma_lpdf instead.
Warning in 'pines.stan', line 43, column 6: normal_log is deprecated and will be removed in the future. Use normal_lpdf instead.
Warning in 'pines.stan', line 44, column 6: normal_log is deprecated and will be removed in the future. Use normal_lpdf instead.
Warning in 'pines.stan', line 45, column 6: normal_log is deprecated and will be removed in the future. Use normal_lpdf instead.
Warning in 'pines.stan', line 46, column 6: gamma_log is deprecated and will be removed in the future. Use gamma_lpdf instead.
Warning in 'pines.stan', line 48, column 6: normal_log is deprecated and will be removed in the future. Use normal_lpdf instead.
Warning in 'pines.stan', line 49, column 6: normal_log is deprecated and will be removed in the future. Use normal_lpdf instead.
Warning in 'pines.stan', line 50, column 6: gamma_log is deprecated and will be removed in the future. Use gamma_lpdf instead.
