  $ ../../../../../../../install/default/bin/stanc --auto-format circle.stan
parameters {
  real<lower=-1, upper=1> x;
  real<lower=-sqrt(1 - square(x)), upper=sqrt(1 - square(x))> y;
}
model {

}

  $ ../../../../../../../install/default/bin/stanc --auto-format hsquare.stan
parameters {
  real<lower=0, upper=2> x_raw;
  real<lower=0, upper=1.5> y_raw;
}
model {

}
generated quantities {
  real x;
  real y;
  if (y_raw > 1) {
    x <- x_raw - 1;
    y <- y_raw - 0.5;
  }
  else if (y_raw < 0.5) {
    x <- x_raw - 1;
    y <- y_raw - 1;
  }
  else if (x_raw < 0.5) {
    x <- x_raw - 1;
    y <- y_raw - 0.5;
  }
  else if (x_raw < 1.0) {
    x <- x_raw - 1.5;
    y <- y_raw - 1;
  }
  else if (x_raw < 1.5) {
    x <- x_raw - 0.5;
    y <- y_raw - 0.5;
  }
  else {
    x <- x_raw - 1.0;
    y <- y_raw - 1.0;
  }
}

Warning in 'hsquare.stan', line 27, column 6: assignment operator <- is deprecated in the Stan language; use = instead.
Warning in 'hsquare.stan', line 28, column 6: assignment operator <- is deprecated in the Stan language; use = instead.
Warning in 'hsquare.stan', line 31, column 6: assignment operator <- is deprecated in the Stan language; use = instead.
Warning in 'hsquare.stan', line 32, column 6: assignment operator <- is deprecated in the Stan language; use = instead.
Warning in 'hsquare.stan', line 35, column 6: assignment operator <- is deprecated in the Stan language; use = instead.
Warning in 'hsquare.stan', line 36, column 6: assignment operator <- is deprecated in the Stan language; use = instead.
Warning in 'hsquare.stan', line 39, column 6: assignment operator <- is deprecated in the Stan language; use = instead.
Warning in 'hsquare.stan', line 40, column 6: assignment operator <- is deprecated in the Stan language; use = instead.
Warning in 'hsquare.stan', line 43, column 6: assignment operator <- is deprecated in the Stan language; use = instead.
Warning in 'hsquare.stan', line 44, column 6: assignment operator <- is deprecated in the Stan language; use = instead.
Warning in 'hsquare.stan', line 46, column 6: assignment operator <- is deprecated in the Stan language; use = instead.
Warning in 'hsquare.stan', line 47, column 6: assignment operator <- is deprecated in the Stan language; use = instead.
  $ ../../../../../../../install/default/bin/stanc --auto-format parallelogram.stan
parameters {
  real<lower=0, upper=1> x;
  real<lower=0, upper=1> y_raw;
}
transformed parameters {
  real<lower=-1, upper=1> y;
  y <- y_raw - x;
}
model {

}

Warning in 'parallelogram.stan', line 11, column 4: assignment operator <- is deprecated in the Stan language; use = instead.
  $ ../../../../../../../install/default/bin/stanc --auto-format ring.stan
parameters {
  real<lower=0.5, upper=1> z;
  real<lower=0, upper=2 * pi()> phi;
}
model {
  increment_log_prob(log(z));
}
generated quantities {
  real x;
  real y;
  x <- z * cos(phi);
  y <- z * sin(phi);
}

Warning in 'ring.stan', line 1, column 0: Comments beginning with # are deprecated. Please use // in place of # for line comments.
Warning in 'ring.stan', line 8, column 2: increment_log_prob(...); is deprecated and will be removed in the future. Use target += ...; instead.
Warning in 'ring.stan', line 13, column 4: assignment operator <- is deprecated in the Stan language; use = instead.
Warning in 'ring.stan', line 14, column 4: assignment operator <- is deprecated in the Stan language; use = instead.
  $ ../../../../../../../install/default/bin/stanc --auto-format squaremc.stan
parameters {
  real<lower=-1, upper=1> x_raw;
  real<lower=-(1 - sqrt(1 - square(1 - fabs(x_raw)))), upper=(1
                                                              - sqrt(
                                                              1
                                                              - square(
                                                              1 - fabs(x_raw))))> y_raw;
}
transformed parameters {
  real<lower=-1, upper=1> x;
  real<lower=-1, upper=1> y;
  x <- if_else(x_raw > 0, 1, -1) - x_raw;
  y <- if_else(y_raw > 0, 1, -1) - y_raw;
}
model {
  increment_log_prob(log1m(sqrt(1 - square(1 - fabs(x_raw)))));
}

Warning in 'squaremc.stan', line 19, column 4: assignment operator <- is deprecated in the Stan language; use = instead.
Warning in 'squaremc.stan', line 20, column 4: assignment operator <- is deprecated in the Stan language; use = instead.
Warning in 'squaremc.stan', line 23, column 2: increment_log_prob(...); is deprecated and will be removed in the future. Use target += ...; instead.
Warning in 'squaremc.stan', line 19, column 7: The function `if_else` is deprecated. Use the conditional operator (x ? y : z) instead.
Warning in 'squaremc.stan', line 20, column 7: The function `if_else` is deprecated. Use the conditional operator (x ? y : z) instead.
