  $ ../../../../../../install/default/bin/stanc --auto-format logodds-jac.stan
data {
  int<lower=0> N;
  array[N] int<lower=0, upper=1> y;
}
parameters {
  real alpha;
}
transformed parameters {
  real<lower=0, upper=1> theta;
  theta <- inv_logit(alpha);
}
model {
  for (n in 1 : N) 
    y[n] ~ bernoulli(theta);
  theta ~ uniform(0, 1);
  increment_log_prob(log(theta) + log(1 - theta));
}

Warning in 'logodds-jac.stan', line 10, column 8: assignment operator <- is deprecated in the Stan language; use = instead.
Warning in 'logodds-jac.stan', line 16, column 2: increment_log_prob(...); is deprecated and will be removed in the future. Use target += ...; instead.
  $ ../../../../../../install/default/bin/stanc --auto-format logodds.stan
data {
  int<lower=0> N;
  array[N] int<lower=0, upper=1> y;
}
parameters {
  real alpha;
}
transformed parameters {
  real<lower=0, upper=1> theta;
  theta <- inv_logit(alpha);
}
model {
  for (n in 1 : N) 
    y[n] ~ bernoulli(theta);
  theta ~ uniform(0, 1);
}

Warning in 'logodds.stan', line 10, column 8: assignment operator <- is deprecated in the Stan language; use = instead.
  $ ../../../../../../install/default/bin/stanc --auto-format prob.stan
data {
  int<lower=0> N;
  array[N] int<lower=0, upper=1> y;
}
parameters {
  real<lower=0, upper=1> theta;
}
model {
  for (n in 1 : N) 
    y[n] ~ bernoulli(theta);
  theta ~ uniform(0, 1);
}

