  $ ../../../../../../../install/default/bin/stanc --auto-format salm.stan
data {
  int<lower=0> Ndoses;
  int<lower=0> Nplates;
  array[Ndoses, Nplates] int<lower=0> y;
  array[Ndoses] real x;
}
transformed data {
  array[Ndoses] real logx;
  real mean_x;
  real mean_logx;
  array[Ndoses] real centered_x;
  array[Ndoses] real centered_logx;
  mean_x <- mean(x);
  for (dose in 1 : Ndoses) 
    centered_x[dose] <- x[dose] - mean_x;
  for (dose in 1 : Ndoses) 
    logx[dose] <- log(x[dose] + 10);
  mean_logx <- mean(logx);
  for (dose in 1 : Ndoses) 
    centered_logx[dose] <- logx[dose] - mean_logx;
}
parameters {
  real alpha_star;
  real beta;
  real gamma;
  real<lower=0> tau;
  array[Ndoses] vector[Nplates] lambda;
}
transformed parameters {
  real<lower=0> sigma;
  real alpha;
  alpha <- alpha_star - beta * mean_logx - gamma * mean_x;
  sigma <- 1.0 / sqrt(tau);
}
model {
  alpha_star ~ normal(0.0, 1.0E3);
  beta ~ normal(0.0, 1000);
  gamma ~ normal(0.0, 1000);
  tau ~ gamma(0.001, 0.001);
  for (dose in 1 : Ndoses) {
    lambda[dose] ~ normal(0.0, sigma);
    y[dose] ~ poisson_log(alpha_star + beta * centered_logx[dose]
                          + gamma * centered_x[dose] + lambda[dose]);
  }
}

Warning in 'salm.stan', line 1, column 0: Comments beginning with # are deprecated. Please use // in place of # for line comments.
Warning in 'salm.stan', line 2, column 0: Comments beginning with # are deprecated. Please use // in place of # for line comments.
Warning in 'salm.stan', line 16, column 11: assignment operator <- is deprecated in the Stan language; use = instead.
Warning in 'salm.stan', line 18, column 25: assignment operator <- is deprecated in the Stan language; use = instead.
Warning in 'salm.stan', line 21, column 19: assignment operator <- is deprecated in the Stan language; use = instead.
Warning in 'salm.stan', line 22, column 14: assignment operator <- is deprecated in the Stan language; use = instead.
Warning in 'salm.stan', line 24, column 28: assignment operator <- is deprecated in the Stan language; use = instead.
Warning in 'salm.stan', line 37, column 10: assignment operator <- is deprecated in the Stan language; use = instead.
Warning in 'salm.stan', line 38, column 10: assignment operator <- is deprecated in the Stan language; use = instead.
  $ ../../../../../../../install/default/bin/stanc --auto-format salm2.stan
data {
  int<lower=0> Ndoses;
  int<lower=0> Nplates;
  array[Ndoses, Nplates] int<lower=0> y;
  array[Ndoses] real<lower=0> x;
}
parameters {
  real alpha;
  real beta;
  real gamma;
  real<lower=0> tau;
  array[Ndoses] vector[Nplates] lambda;
}
transformed parameters {
  real<lower=0> sigma;
  sigma <- 1.0 / sqrt(tau);
}
model {
  alpha ~ normal(0.0, 100);
  beta ~ normal(0.0, 100);
  gamma ~ normal(0.0, 1.0E5);
  tau ~ gamma(0.001, 0.001);
  for (dose in 1 : Ndoses) {
    lambda[dose] ~ normal(0.0, sigma);
    y[dose] ~ poisson_log(alpha + beta * log(x[dose] + 10) + gamma * x[dose]
                          + lambda[dose]);
  }
}

Warning in 'salm2.stan', line 1, column 0: Comments beginning with # are deprecated. Please use // in place of # for line comments.
Warning in 'salm2.stan', line 3, column 0: Comments beginning with # are deprecated. Please use // in place of # for line comments.
Warning in 'salm2.stan', line 19, column 10: assignment operator <- is deprecated in the Stan language; use = instead.
