  $ ../../../../../../install/default/bin/stanc --auto-format regression.stan
data {
  int<lower=0> N;
  vector[N] y;
  vector[N] x;
}
parameters {
  real alpha;
  real beta;
  real<lower=0> sigma;
}
model {
  alpha ~ normal(0, 10);
  beta ~ normal(0, 10);
  sigma ~ cauchy(0, 5);
  for (n in 1 : N) 
    y[n] ~ normal(alpha + beta * x[n], sigma);
}

  $ ../../../../../../install/default/bin/stanc --auto-format regression_std.stan
data {
  int<lower=0> N;
  vector[N] y;
  vector[N] x;
}
transformed data {
  vector[N] x_std;
  vector[N] y_std;
  x_std <- (x - mean(x)) / sd(x);
  y_std <- (y - mean(y)) / sd(y);
}
parameters {
  real alpha_std;
  real beta_std;
  real<lower=0> sigma_std;
}
model {
  alpha_std ~ normal(0, 10);
  beta_std ~ normal(0, 10);
  sigma_std ~ cauchy(0, 5);
  y_std ~ normal(alpha_std + beta_std * x_std, sigma_std);
}
generated quantities {
  real alpha;
  real beta;
  real<lower=0> sigma;
  alpha <- sd(y) * (alpha_std + beta_std * mean(x) / sd(x)) + mean(y);
  beta <- beta_std * sd(y) / sd(x);
  sigma <- sd(y) * sigma_std;
}

Warning in 'regression_std.stan', line 9, column 8: assignment operator <- is deprecated in the Stan language; use = instead.
Warning in 'regression_std.stan', line 10, column 8: assignment operator <- is deprecated in the Stan language; use = instead.
Warning in 'regression_std.stan', line 27, column 8: assignment operator <- is deprecated in the Stan language; use = instead.
Warning in 'regression_std.stan', line 28, column 7: assignment operator <- is deprecated in the Stan language; use = instead.
Warning in 'regression_std.stan', line 29, column 8: assignment operator <- is deprecated in the Stan language; use = instead.
