  $ ../../../../../../../install/default/bin/stanc --auto-format rats.stan
data {
  int<lower=0> N;
  int<lower=0> T;
  array[T] real x;
  array[N, T] real y;
  real xbar;
}
parameters {
  array[N] real alpha;
  array[N] real beta;
  real mu_alpha;
  real mu_beta;
  real<lower=0> sigmasq_y;
  real<lower=0> sigmasq_alpha;
  real<lower=0> sigmasq_beta;
}
transformed parameters {
  real<lower=0> sigma_y;
  real<lower=0> sigma_alpha;
  real<lower=0> sigma_beta;
  sigma_y <- sqrt(sigmasq_y);
  sigma_alpha <- sqrt(sigmasq_alpha);
  sigma_beta <- sqrt(sigmasq_beta);
}
model {
  mu_alpha ~ normal(0, 100);
  mu_beta ~ normal(0, 100);
  sigmasq_y ~ inv_gamma(0.001, 0.001);
  sigmasq_alpha ~ inv_gamma(0.001, 0.001);
  sigmasq_beta ~ inv_gamma(0.001, 0.001);
  alpha ~ normal(mu_alpha, sigma_alpha);
  beta ~ normal(mu_beta, sigma_beta);
  for (n in 1 : N) 
    for (t in 1 : T) 
      y[n, t] ~ normal(alpha[n] + beta[n] * (x[t] - xbar), sigma_y);
}
generated quantities {
  real alpha0;
  alpha0 <- mu_alpha - xbar * mu_beta;
}

Warning in 'rats.stan', line 1, column 0: Comments beginning with # are deprecated. Please use // in place of # for line comments.
Warning in 'rats.stan', line 2, column 0: Comments beginning with # are deprecated. Please use // in place of # for line comments.
Warning in 'rats.stan', line 26, column 10: assignment operator <- is deprecated in the Stan language; use = instead.
Warning in 'rats.stan', line 27, column 14: assignment operator <- is deprecated in the Stan language; use = instead.
Warning in 'rats.stan', line 28, column 13: assignment operator <- is deprecated in the Stan language; use = instead.
Warning in 'rats.stan', line 45, column 9: assignment operator <- is deprecated in the Stan language; use = instead.
  $ ../../../../../../../install/default/bin/stanc --auto-format rats_stanified.stan
data {
  int<lower=0> N;
  int<lower=0> Npts;
  array[Npts] int<lower=0> rat;
  array[Npts] real x;
  array[Npts] real y;
  real xbar;
}
parameters {
  array[N] real alpha;
  array[N] real beta;
  real mu_alpha;
  real mu_beta;
  real<lower=0> sigma_y;
  real<lower=0> sigma_alpha;
  real<lower=0> sigma_beta;
}
model {
  mu_alpha ~ normal(0, 100);
  mu_beta ~ normal(0, 100);
  alpha ~ normal(mu_alpha, sigma_alpha);
  beta ~ normal(mu_beta, sigma_beta);
  for (n in 1 : Npts) {
    int irat;
    irat <- rat[n];
    y[n] ~ normal(alpha[irat] + beta[irat] * (x[n] - xbar), sigma_y);
  }
}
generated quantities {
  real alpha0;
  alpha0 <- mu_alpha - xbar * mu_beta;
}

Warning in 'rats_stanified.stan', line 1, column 0: Comments beginning with # are deprecated. Please use // in place of # for line comments.
Warning in 'rats_stanified.stan', line 2, column 0: Comments beginning with # are deprecated. Please use // in place of # for line comments.
Warning in 'rats_stanified.stan', line 4, column 18: Comments beginning with # are deprecated. Please use // in place of # for line comments.
Warning in 'rats_stanified.stan', line 5, column 21: Comments beginning with # are deprecated. Please use // in place of # for line comments.
Warning in 'rats_stanified.stan', line 6, column 26: Comments beginning with # are deprecated. Please use // in place of # for line comments.
Warning in 'rats_stanified.stan', line 27, column 2: Comments beginning with # are deprecated. Please use // in place of # for line comments.
Warning in 'rats_stanified.stan', line 32, column 9: assignment operator <- is deprecated in the Stan language; use = instead.
Warning in 'rats_stanified.stan', line 38, column 9: assignment operator <- is deprecated in the Stan language; use = instead.
  $ ../../../../../../../install/default/bin/stanc --auto-format rats_vec.stan
data {
  int<lower=0> N;
  int<lower=0> T;
  array[T] real x;
  array[N, T] real y;
  real xbar;
}
transformed data {
  array[T] real x_minus_xbar;
  array[N * T] real y_linear;
  for (t in 1 : T) 
    x_minus_xbar[t] <- x[t] - xbar;
  for (n in 1 : N) 
    for (t in 1 : T) 
      y_linear[(n - 1) * T + t] <- y[n, t];
}
parameters {
  array[N] real alpha;
  array[N] real beta;
  real mu_alpha;
  real mu_beta;
  real<lower=0> sigmasq_y;
  real<lower=0> sigmasq_alpha;
  real<lower=0> sigmasq_beta;
}
transformed parameters {
  real<lower=0> sigma_y;
  real<lower=0> sigma_alpha;
  real<lower=0> sigma_beta;
  sigma_y <- sqrt(sigmasq_y);
  sigma_alpha <- sqrt(sigmasq_alpha);
  sigma_beta <- sqrt(sigmasq_beta);
}
model {
  array[N * T] real pred;
  for (n in 1 : N) 
    for (t in 1 : T) 
      pred[(n - 1) * T + t] <- fma(beta[n], x_minus_xbar[t], alpha[n]);
  mu_alpha ~ normal(0, 100);
  mu_beta ~ normal(0, 100);
  sigmasq_y ~ inv_gamma(0.001, 0.001);
  sigmasq_alpha ~ inv_gamma(0.001, 0.001);
  sigmasq_beta ~ inv_gamma(0.001, 0.001);
  alpha ~ normal(mu_alpha, sigma_alpha);
  beta ~ normal(mu_beta, sigma_beta);
  y_linear ~ normal(pred, sigma_y);
}

Warning in 'rats_vec.stan', line 1, column 0: Comments beginning with # are deprecated. Please use // in place of # for line comments.
Warning in 'rats_vec.stan', line 2, column 0: Comments beginning with # are deprecated. Please use // in place of # for line comments.
Warning in 'rats_vec.stan', line 15, column 20: assignment operator <- is deprecated in the Stan language; use = instead.
Warning in 'rats_vec.stan', line 19, column 28: assignment operator <- is deprecated in the Stan language; use = instead.
Warning in 'rats_vec.stan', line 37, column 10: assignment operator <- is deprecated in the Stan language; use = instead.
Warning in 'rats_vec.stan', line 38, column 14: assignment operator <- is deprecated in the Stan language; use = instead.
Warning in 'rats_vec.stan', line 39, column 13: assignment operator <- is deprecated in the Stan language; use = instead.
Warning in 'rats_vec.stan', line 46, column 24: assignment operator <- is deprecated in the Stan language; use = instead.
  $ ../../../../../../../install/default/bin/stanc --auto-format rats_vec_unit.stan
data {
  int<lower=0> N;
  int<lower=0> T;
  vector[T] x;
  matrix[N, T] y;
  real xbar;
}
parameters {
  vector[N] alpha_z;
  vector[N] beta_z;
  real mu_alpha;
  real mu_beta;
  real<lower=0> sigmasq_y;
  real<lower=0> sigmasq_alpha;
  real<lower=0> sigmasq_beta;
}
transformed parameters {
  real<lower=0> sigma_y;
  real<lower=0> sigma_alpha;
  real<lower=0> sigma_beta;
  vector[N] alpha;
  vector[N] beta;
  sigma_y <- sqrt(sigmasq_y);
  sigma_alpha <- sqrt(sigmasq_alpha);
  sigma_beta <- sqrt(sigmasq_beta);
  alpha <- (mu_alpha * 100.0) + alpha_z * sigma_alpha;
  beta <- (mu_beta * 100.0) + beta_z * sigma_beta;
}
model {
  mu_alpha ~ normal(0, 1);
  mu_beta ~ normal(0, 1);
  sigmasq_y ~ inv_gamma(0.001, 0.001);
  sigmasq_alpha ~ inv_gamma(0.001, 0.001);
  sigmasq_beta ~ inv_gamma(0.001, 0.001);
  alpha_z ~ normal(0, 1);
  beta_z ~ normal(0, 1);
  for (t in 1 : T) 
    col(y, t) ~ normal(alpha + beta * (x[t] - xbar), sigma_y);
}
generated quantities {
  real alpha0;
  alpha0 <- mu_alpha - xbar * mu_beta;
}

Warning in 'rats_vec_unit.stan', line 1, column 0: Comments beginning with # are deprecated. Please use // in place of # for line comments.
Warning in 'rats_vec_unit.stan', line 2, column 0: Comments beginning with # are deprecated. Please use // in place of # for line comments.
Warning in 'rats_vec_unit.stan', line 28, column 10: assignment operator <- is deprecated in the Stan language; use = instead.
Warning in 'rats_vec_unit.stan', line 29, column 14: assignment operator <- is deprecated in the Stan language; use = instead.
Warning in 'rats_vec_unit.stan', line 30, column 13: assignment operator <- is deprecated in the Stan language; use = instead.
Warning in 'rats_vec_unit.stan', line 32, column 8: assignment operator <- is deprecated in the Stan language; use = instead.
Warning in 'rats_vec_unit.stan', line 33, column 7: assignment operator <- is deprecated in the Stan language; use = instead.
Warning in 'rats_vec_unit.stan', line 49, column 9: assignment operator <- is deprecated in the Stan language; use = instead.
