  $ ../../../../../../install/default/bin/stanc --auto-format hmm-analytic.stan
data {
  int<lower=1> K;
  int<lower=1> V;
  int<lower=0> T;
  array[T] int<lower=1, upper=V> w;
  array[T] int<lower=1, upper=K> z;
  vector<lower=0>[K] alpha;
  vector<lower=0>[V] beta;
}
transformed data {
  array[K] vector<lower=0>[K] alpha_post;
  array[K] vector<lower=0>[V] beta_post;
  for (k in 1 : K) 
    alpha_post[k] <- alpha;
  for (t in 2 : T) 
    alpha_post[z[t - 1], z[t]] <- alpha_post[z[t - 1], z[t]] + 1;
  for (k in 1 : K) 
    beta_post[k] <- beta;
  for (t in 1 : T) 
    beta_post[z[t], w[t]] <- beta_post[z[t], w[t]] + 1;
}
parameters {
  array[K] simplex[K] theta;
  array[K] simplex[V] phi;
}
model {
  for (k in 1 : K) 
    theta[k] ~ dirichlet(alpha_post[k]);
  for (k in 1 : K) 
    phi[k] ~ dirichlet(beta_post[k]);
}

Warning in 'hmm-analytic.stan', line 14, column 18: assignment operator <- is deprecated in the Stan language; use = instead.
Warning in 'hmm-analytic.stan', line 16, column 28: assignment operator <- is deprecated in the Stan language; use = instead.
Warning in 'hmm-analytic.stan', line 18, column 17: assignment operator <- is deprecated in the Stan language; use = instead.
Warning in 'hmm-analytic.stan', line 20, column 25: assignment operator <- is deprecated in the Stan language; use = instead.
  $ ../../../../../../install/default/bin/stanc --auto-format hmm-semisup.stan
data {
  int<lower=1> K;
  int<lower=1> V;
  int<lower=0> T;
  int<lower=1> T_unsup;
  array[T] int<lower=1, upper=V> w;
  array[T] int<lower=1, upper=K> z;
  array[T_unsup] int<lower=1, upper=V> u;
  vector<lower=0>[K] alpha;
  vector<lower=0>[V] beta;
}
parameters {
  array[K] simplex[K] theta;
  array[K] simplex[V] phi;
}
model {
  for (k in 1 : K) 
    theta[k] ~ dirichlet(alpha);
  for (k in 1 : K) 
    phi[k] ~ dirichlet(beta);
  for (t in 1 : T) 
    w[t] ~ categorical(phi[z[t]]);
  for (t in 2 : T) 
    z[t] ~ categorical(theta[z[t - 1]]);
  {
    array[K] real acc;
    array[T_unsup, K] real gamma;
    for (k in 1 : K) 
      gamma[1, k] <- log(phi[k, u[1]]);
    for (t in 2 : T_unsup) {
      for (k in 1 : K) {
        for (j in 1 : K) 
          acc[j] <- gamma[t - 1, j] + log(theta[j, k]) + log(phi[k, u[t]]);
        gamma[t, k] <- log_sum_exp(acc);
      }
    }
    increment_log_prob(log_sum_exp(gamma[T_unsup]));
  }
}
generated quantities {
  array[T_unsup] int<lower=1, upper=K> y_star;
  real log_p_y_star;
  {
    array[T_unsup, K] int back_ptr;
    array[T_unsup, K] real best_logp;
    real best_total_logp;
    for (k in 1 : K) 
      best_logp[1, K] <- log(phi[k, u[1]]);
    for (t in 2 : T_unsup) {
      for (k in 1 : K) {
        best_logp[t, k] <- negative_infinity();
        for (j in 1 : K) {
          real logp;
          logp <- best_logp[t - 1, j] + log(theta[j, k]) + log(phi[k, u[t]]);
          if (logp > best_logp[t, k]) {
            back_ptr[t, k] <- j;
            best_logp[t, k] <- logp;
          }
        }
      }
    }
    log_p_y_star <- max(best_logp[T_unsup]);
    for (k in 1 : K) 
      if (best_logp[T_unsup, k] == log_p_y_star) 
        y_star[T_unsup] <- k;
    for (t in 1 : (T_unsup - 1)) 
      y_star[T_unsup - t] <- back_ptr[T_unsup - t + 1, y_star[T_unsup - t + 1]];
  }
}

Warning in 'hmm-semisup.stan', line 31, column 17: assignment operator <- is deprecated in the Stan language; use = instead.
Warning in 'hmm-semisup.stan', line 35, column 17: assignment operator <- is deprecated in the Stan language; use = instead.
Warning in 'hmm-semisup.stan', line 36, column 19: assignment operator <- is deprecated in the Stan language; use = instead.
Warning in 'hmm-semisup.stan', line 39, column 4: increment_log_prob(...); is deprecated and will be removed in the future. Use target += ...; instead.
Warning in 'hmm-semisup.stan', line 51, column 21: assignment operator <- is deprecated in the Stan language; use = instead.
Warning in 'hmm-semisup.stan', line 54, column 23: assignment operator <- is deprecated in the Stan language; use = instead.
Warning in 'hmm-semisup.stan', line 57, column 15: assignment operator <- is deprecated in the Stan language; use = instead.
Warning in 'hmm-semisup.stan', line 59, column 26: assignment operator <- is deprecated in the Stan language; use = instead.
Warning in 'hmm-semisup.stan', line 60, column 27: assignment operator <- is deprecated in the Stan language; use = instead.
Warning in 'hmm-semisup.stan', line 65, column 17: assignment operator <- is deprecated in the Stan language; use = instead.
Warning in 'hmm-semisup.stan', line 68, column 24: assignment operator <- is deprecated in the Stan language; use = instead.
Warning in 'hmm-semisup.stan', line 70, column 26: assignment operator <- is deprecated in the Stan language; use = instead.
  $ ../../../../../../install/default/bin/stanc --auto-format hmm-sufficient.stan
data {
  int<lower=1> K;
  int<lower=1> V;
  int<lower=0> T;
  array[T] int<lower=1, upper=V> w;
  array[T] int<lower=1, upper=K> z;
  vector<lower=0>[K] alpha;
  vector<lower=0>[V] beta;
}
transformed data {
  array[K, K] int<lower=0> trans;
  array[K, V] int<lower=0> emit;
  for (k1 in 1 : K) 
    for (k2 in 1 : K) 
      trans[k1, k2] <- 0;
  for (t in 2 : T) 
    trans[z[t - 1], z[t]] <- 1 + trans[z[t - 1], z[t]];
  for (k in 1 : K) 
    for (v in 1 : V) 
      emit[k, v] <- 0;
  for (t in 1 : T) 
    emit[z[t], w[t]] <- 1 + emit[z[t], w[t]];
}
parameters {
  array[K] simplex[K] theta;
  array[K] simplex[V] phi;
}
model {
  for (k in 1 : K) 
    theta[k] ~ dirichlet(alpha);
  for (k in 1 : K) 
    phi[k] ~ dirichlet(beta);
  for (k in 1 : K) 
    trans[k] ~ multinomial(theta[k]);
  for (k in 1 : K) 
    emit[k] ~ multinomial(phi[k]);
}

Warning in 'hmm-sufficient.stan', line 15, column 19: assignment operator <- is deprecated in the Stan language; use = instead.
Warning in 'hmm-sufficient.stan', line 17, column 26: assignment operator <- is deprecated in the Stan language; use = instead.
Warning in 'hmm-sufficient.stan', line 20, column 16: assignment operator <- is deprecated in the Stan language; use = instead.
Warning in 'hmm-sufficient.stan', line 22, column 21: assignment operator <- is deprecated in the Stan language; use = instead.
  $ ../../../../../../install/default/bin/stanc --auto-format hmm.stan
data {
  int<lower=1> K;
  int<lower=1> V;
  int<lower=0> T;
  array[T] int<lower=1, upper=V> w;
  array[T] int<lower=1, upper=K> z;
  vector<lower=0>[K] alpha;
  vector<lower=0>[V] beta;
}
parameters {
  array[K] simplex[K] theta;
  array[K] simplex[V] phi;
}
model {
  for (k in 1 : K) 
    theta[k] ~ dirichlet(alpha);
  for (k in 1 : K) 
    phi[k] ~ dirichlet(beta);
  for (t in 1 : T) 
    w[t] ~ categorical(phi[z[t]]);
  for (t in 2 : T) 
    z[t] ~ categorical(theta[z[t - 1]]);
}

