  $ ../../../../../../../install/default/bin/stanc --auto-format beetles_cloglog.stan
data {
  int<lower=0> N;
  array[N] int<lower=0> n;
  array[N] int<lower=0> r;
  vector[N] x;
}
transformed data {
  vector[N] centered_x;
  real mean_x;
  mean_x <- mean(x);
  centered_x <- x - mean_x;
}
parameters {
  real alpha_star;
  real beta;
}
transformed parameters {
  array[N] real p;
  for (i in 1 : N) 
    p[i] <- inv_cloglog(alpha_star + beta * centered_x[i]);
}
model {
  alpha_star ~ normal(0.0, 1.0E4);
  beta ~ normal(0.0, 1.0E4);
  r ~ binomial(n, p);
}
generated quantities {
  real alpha;
  array[N] real llike;
  array[N] real rhat;
  alpha <- alpha_star - beta * mean_x;
  for (i in 1 : N) {
    llike[i] <- r[i] * log(p[i]) + (n[i] - r[i]) * log(1 - p[i]);
    rhat[i] <- p[i] * n[i];
  }
}

Warning in 'beetles_cloglog.stan', line 11, column 9: assignment operator <- is deprecated in the Stan language; use = instead.
Warning in 'beetles_cloglog.stan', line 12, column 13: assignment operator <- is deprecated in the Stan language; use = instead.
Warning in 'beetles_cloglog.stan', line 23, column 9: assignment operator <- is deprecated in the Stan language; use = instead.
Warning in 'beetles_cloglog.stan', line 37, column 8: assignment operator <- is deprecated in the Stan language; use = instead.
Warning in 'beetles_cloglog.stan', line 39, column 14: assignment operator <- is deprecated in the Stan language; use = instead.
Warning in 'beetles_cloglog.stan', line 40, column 12: assignment operator <- is deprecated in the Stan language; use = instead.
  $ ../../../../../../../install/default/bin/stanc --auto-format beetles_logit.stan
data {
  int<lower=0> N;
  array[N] int<lower=0> n;
  array[N] int<lower=0> r;
  vector[N] x;
}
transformed data {
  vector[N] centered_x;
  real mean_x;
  mean_x <- mean(x);
  centered_x <- x - mean_x;
}
parameters {
  real alpha_star;
  real beta;
}
transformed parameters {
  vector[N] m;
  m <- alpha_star + beta * centered_x;
}
model {
  alpha_star ~ normal(0.0, 1.0E4);
  beta ~ normal(0.0, 1.0E4);
  r ~ binomial_logit(n, m);
}
generated quantities {
  real alpha;
  array[N] real p;
  array[N] real llike;
  array[N] real rhat;
  for (i in 1 : N) {
    p[i] <- inv_logit(m[i]);
    llike[i] <- r[i] * log(p[i]) + (n[i] - r[i]) * log(1 - p[i]);
    rhat[i] <- p[i] * n[i];
  }
  alpha <- alpha_star - beta * mean_x;
}

Warning in 'beetles_logit.stan', line 11, column 11: assignment operator <- is deprecated in the Stan language; use = instead.
Warning in 'beetles_logit.stan', line 12, column 15: assignment operator <- is deprecated in the Stan language; use = instead.
Warning in 'beetles_logit.stan', line 22, column 6: assignment operator <- is deprecated in the Stan language; use = instead.
Warning in 'beetles_logit.stan', line 37, column 9: assignment operator <- is deprecated in the Stan language; use = instead.
Warning in 'beetles_logit.stan', line 38, column 14: assignment operator <- is deprecated in the Stan language; use = instead.
Warning in 'beetles_logit.stan', line 39, column 12: assignment operator <- is deprecated in the Stan language; use = instead.
Warning in 'beetles_logit.stan', line 41, column 8: assignment operator <- is deprecated in the Stan language; use = instead.
  $ ../../../../../../../install/default/bin/stanc --auto-format beetles_probit.stan
data {
  int<lower=0> N;
  array[N] int<lower=0> n;
  array[N] int<lower=0> r;
  vector[N] x;
}
transformed data {
  vector[N] centered_x;
  real mean_x;
  mean_x <- mean(x);
  centered_x <- x - mean_x;
}
parameters {
  real alpha_star;
  real beta;
}
transformed parameters {
  array[N] real p;
  for (i in 1 : N) 
    p[i] <- Phi(alpha_star + beta * centered_x[i]);
}
model {
  alpha_star ~ normal(0.0, 1.0);
  beta ~ normal(0.0, 1.0E4);
  r ~ binomial(n, p);
}
generated quantities {
  real alpha;
  array[N] real llike;
  array[N] real rhat;
  alpha <- alpha_star - beta * mean_x;
  for (i in 1 : N) {
    llike[i] <- r[i] * log(p[i]) + (n[i] - r[i]) * log(1 - p[i]);
    rhat[i] <- p[i] * n[i];
  }
}

Warning in 'beetles_probit.stan', line 10, column 11: assignment operator <- is deprecated in the Stan language; use = instead.
Warning in 'beetles_probit.stan', line 11, column 15: assignment operator <- is deprecated in the Stan language; use = instead.
Warning in 'beetles_probit.stan', line 22, column 11: assignment operator <- is deprecated in the Stan language; use = instead.
Warning in 'beetles_probit.stan', line 34, column 8: assignment operator <- is deprecated in the Stan language; use = instead.
Warning in 'beetles_probit.stan', line 37, column 14: assignment operator <- is deprecated in the Stan language; use = instead.
Warning in 'beetles_probit.stan', line 38, column 12: assignment operator <- is deprecated in the Stan language; use = instead.
