  $ ../../../../../../../install/default/bin/stanc --auto-format hearts.stan
data {
  int<lower=0> N;
  array[N] int<lower=0> x;
  array[N] int<lower=0> y;
  array[N] int<lower=0> t;
}
parameters {
  real alpha;
  real delta;
}
transformed parameters {
  real<lower=0, upper=1> theta;
  theta <- inv_logit(delta);
}
model {
  real p;
  real log1m_theta;
  p <- inv_logit(alpha);
  log1m_theta <- log1m(theta);
  alpha ~ normal(0, 100);
  delta ~ normal(0, 100);
  for (i in 1 : N) {
    if (y[i] == 0) 
      increment_log_prob(log(theta + (1 - theta) * pow(1 - p, t[i])));
    else 
      increment_log_prob(log1m_theta + binomial_log(y[i], t[i], p));
  }
}
generated quantities {
  real beta;
  beta <- exp(alpha);
}

Warning in 'hearts.stan', line 19, column 8: assignment operator <- is deprecated in the Stan language; use = instead.
Warning in 'hearts.stan', line 24, column 4: assignment operator <- is deprecated in the Stan language; use = instead.
Warning in 'hearts.stan', line 25, column 14: assignment operator <- is deprecated in the Stan language; use = instead.
Warning in 'hearts.stan', line 36, column 6: increment_log_prob(...); is deprecated and will be removed in the future. Use target += ...; instead.
Warning in 'hearts.stan', line 39, column 6: increment_log_prob(...); is deprecated and will be removed in the future. Use target += ...; instead.
Warning in 'hearts.stan', line 45, column 7: assignment operator <- is deprecated in the Stan language; use = instead.
Warning in 'hearts.stan', line 40, column 27: binomial_log is deprecated and will be removed in the future. Use binomial_lpmf instead.
