  $ ../../../../../../../install/default/bin/stanc --auto-format corr-lda.stan
data {
  int<lower=2> K;
  int<lower=2> V;
  int<lower=1> M;
  int<lower=1> N;
  array[N] int<lower=1, upper=V> w;
  array[N] int<lower=1, upper=M> doc;
  vector<lower=0>[V] beta;
}
parameters {
  vector[K] mu;
  corr_matrix[K] Omega;
  vector<lower=0>[K] sigma;
  array[M] vector[K] eta;
  array[K] simplex[V] phi;
}
transformed parameters {
  array[M] simplex[K] theta;
  cov_matrix[K] Sigma;
  for (m in 1 : M) 
    theta[m] <- softmax(eta[m]);
  for (m in 1 : K) {
    Sigma[m, m] <- sigma[m] * sigma[m] * Omega[m, m];
    for (n in (m + 1) : K) {
      Sigma[m, n] <- sigma[m] * sigma[n] * Omega[m, n];
      Sigma[n, m] <- Sigma[m, n];
    }
  }
}
model {
  for (k in 1 : K) 
    phi[k] ~ dirichlet(beta);
  mu ~ normal(0, 5);
  Omega ~ lkj_corr(2.0);
  sigma ~ cauchy(0, 5);
  for (m in 1 : M) 
    eta[m] ~ multi_normal(mu, Sigma);
  for (n in 1 : N) {
    array[K] real gamma;
    for (k in 1 : K) 
      gamma[k] <- log(theta[doc[n], k]) + log(phi[k, w[n]]);
    increment_log_prob(log_sum_exp(gamma));
  }
}

Warning in 'corr-lda.stan', line 21, column 13: assignment operator <- is deprecated in the Stan language; use = instead.
Warning in 'corr-lda.stan', line 23, column 15: assignment operator <- is deprecated in the Stan language; use = instead.
Warning in 'corr-lda.stan', line 25, column 17: assignment operator <- is deprecated in the Stan language; use = instead.
Warning in 'corr-lda.stan', line 26, column 17: assignment operator <- is deprecated in the Stan language; use = instead.
Warning in 'corr-lda.stan', line 44, column 15: assignment operator <- is deprecated in the Stan language; use = instead.
Warning in 'corr-lda.stan', line 45, column 4: increment_log_prob(...); is deprecated and will be removed in the future. Use target += ...; instead.
  $ ../../../../../../../install/default/bin/stanc --auto-format lda.stan
data {
  int<lower=2> K;
  int<lower=2> V;
  int<lower=1> M;
  int<lower=1> N;
  array[N] int<lower=1, upper=V> w;
  array[N] int<lower=1, upper=M> doc;
  vector<lower=0>[K] alpha;
  vector<lower=0>[V] beta;
}
parameters {
  array[M] simplex[K] theta;
  array[K] simplex[V] phi;
}
model {
  for (m in 1 : M) 
    theta[m] ~ dirichlet(alpha);
  for (k in 1 : K) 
    phi[k] ~ dirichlet(beta);
  for (n in 1 : N) {
    array[K] real gamma;
    for (k in 1 : K) 
      gamma[k] <- log(theta[doc[n], k]) + log(phi[k, w[n]]);
    increment_log_prob(log_sum_exp(gamma));
  }
}

Warning in 'lda.stan', line 23, column 15: assignment operator <- is deprecated in the Stan language; use = instead.
Warning in 'lda.stan', line 24, column 4: increment_log_prob(...); is deprecated and will be removed in the future. Use target += ...; instead.
