  $ ../../../../../../../install/default/bin/stanc --auto-format Rate_1.stan
data {
  int<lower=1> n;
  int<lower=0> k;
}
parameters {
  real<lower=0, upper=1> theta;
}
model {
  theta ~ beta(1, 1);
  k ~ binomial(n, theta);
}

  $ ../../../../../../../install/default/bin/stanc --auto-format Rate_2.stan
data {
  int<lower=1> n1;
  int<lower=1> n2;
  int<lower=0> k1;
  int<lower=0> k2;
}
parameters {
  real<lower=0, upper=1> theta1;
  real<lower=0, upper=1> theta2;
}
transformed parameters {
  real<lower=-1, upper=1> delta;
  delta <- theta1 - theta2;
}
model {
  theta1 ~ beta(1, 1);
  theta2 ~ beta(1, 1);
  k1 ~ binomial(n1, theta1);
  k2 ~ binomial(n2, theta2);
}

Warning in 'Rate_2.stan', line 14, column 8: assignment operator <- is deprecated in the Stan language; use = instead.
  $ ../../../../../../../install/default/bin/stanc --auto-format Rate_3.stan
data {
  int<lower=1> n1;
  int<lower=1> n2;
  int<lower=0> k1;
  int<lower=0> k2;
}
parameters {
  real<lower=0, upper=1> theta;
}
model {
  theta ~ beta(1, 1);
  k1 ~ binomial(n1, theta);
  k2 ~ binomial(n2, theta);
}

  $ ../../../../../../../install/default/bin/stanc --auto-format Rate_4.stan
data {
  int<lower=1> n;
  int<lower=0> k;
}
parameters {
  real<lower=0, upper=1> theta;
  real<lower=0, upper=1> thetaprior;
}
model {
  theta ~ beta(1, 1);
  thetaprior ~ beta(1, 1);
  k ~ binomial(n, theta);
}
generated quantities {
  int<lower=0> postpredk;
  int<lower=0> priorpredk;
  postpredk <- binomial_rng(n, theta);
  priorpredk <- binomial_rng(n, thetaprior);
}

Warning in 'Rate_4.stan', line 22, column 12: assignment operator <- is deprecated in the Stan language; use = instead.
Warning in 'Rate_4.stan', line 24, column 13: assignment operator <- is deprecated in the Stan language; use = instead.
  $ ../../../../../../../install/default/bin/stanc --auto-format Rate_5.stan
data {
  int<lower=1> n1;
  int<lower=1> n2;
  int<lower=0> k1;
  int<lower=0> k2;
}
parameters {
  real<lower=0, upper=1> theta;
}
model {
  theta ~ beta(1, 1);
  k1 ~ binomial(n1, theta);
  k2 ~ binomial(n2, theta);
}
generated quantities {
  int<lower=0, upper=n1> postpredk1;
  int<lower=0, upper=n2> postpredk2;
  postpredk1 <- binomial_rng(n1, theta);
  postpredk2 <- binomial_rng(n2, theta);
}

Warning in 'Rate_5.stan', line 24, column 13: assignment operator <- is deprecated in the Stan language; use = instead.
Warning in 'Rate_5.stan', line 25, column 13: assignment operator <- is deprecated in the Stan language; use = instead.
  $ ../../../../../../../install/default/bin/stanc --auto-format Survey.stan
data {
  int<lower=0> nmax;
  int<lower=0> m;
  array[m] int<lower=0, upper=nmax> k;
}
transformed data {
  int<lower=0> nmin;
  nmin <- max(k);
}
parameters {
  real<lower=0, upper=1> theta;
}
transformed parameters {
  vector[nmax] lp_parts;
  for (n in 1 : nmax) 
    if (n < nmin) 
      lp_parts[n] <- log(1.0 / nmax) + negative_infinity();
    else 
      lp_parts[n] <- log(1.0 / nmax) + binomial_log(k, n, theta);
}
model {
  increment_log_prob(log_sum_exp(lp_parts));
}
generated quantities {
  int<lower=1, upper=nmax> n;
  simplex[nmax] prob_n;
  prob_n <- softmax(lp_parts);
  n <- categorical_rng(prob_n);
}

Warning in 'Survey.stan', line 19, column 7: assignment operator <- is deprecated in the Stan language; use = instead.
Warning in 'Survey.stan', line 30, column 18: assignment operator <- is deprecated in the Stan language; use = instead.
Warning in 'Survey.stan', line 32, column 18: assignment operator <- is deprecated in the Stan language; use = instead.
Warning in 'Survey.stan', line 36, column 2: increment_log_prob(...); is deprecated and will be removed in the future. Use target += ...; instead.
Warning in 'Survey.stan', line 43, column 9: assignment operator <- is deprecated in the Stan language; use = instead.
Warning in 'Survey.stan', line 44, column 4: assignment operator <- is deprecated in the Stan language; use = instead.
Warning in 'Survey.stan', line 32, column 39: binomial_log is deprecated and will be removed in the future. Use binomial_lpmf instead.
