  $ ../../../../../../../install/default/bin/stanc --auto-format dogs.stan
data {
  int<lower=0> Ndogs;
  int<lower=0> Ntrials;
  array[Ndogs, Ntrials] int Y;
}
transformed data {
  array[Ndogs, Ntrials] int y;
  array[Ndogs, Ntrials] int xa;
  array[Ndogs, Ntrials] int xs;
  for (dog in 1 : Ndogs) {
    xa[dog, 1] <- 0;
    xs[dog, 1] <- 0;
    for (trial in 2 : Ntrials) {
      for (k in 1 : (trial - 1)) 
        xa[dog, trial] <- xa[dog, trial] + Y[dog, k];
      xs[dog, trial] <- trial - 1 - xa[dog, trial];
    }
  }
  for (dog in 1 : Ndogs) {
    for (trial in 1 : Ntrials) {
      y[dog, trial] <- 1 - Y[dog, trial];
    }
  }
}
parameters {
  real<upper=-0.00001> alpha;
  real<upper=-0.00001> beta;
}
model {
  alpha ~ normal(0.0, 316.2);
  beta ~ normal(0.0, 316.2);
  for (dog in 1 : Ndogs) 
    for (trial in 2 : Ntrials) 
      y[dog, trial] ~ bernoulli(exp(alpha * xa[dog, trial]
                                    + beta * xs[dog, trial]));
}
generated quantities {
  real A;
  real B;
  A <- exp(alpha);
  B <- exp(beta);
}

Warning in 'dogs.stan', line 1, column 0: Comments beginning with # are deprecated. Please use // in place of # for line comments.
Warning in 'dogs.stan', line 2, column 0: Comments beginning with # are deprecated. Please use // in place of # for line comments.
Warning in 'dogs.stan', line 13, column 15: assignment operator <- is deprecated in the Stan language; use = instead.
Warning in 'dogs.stan', line 14, column 15: assignment operator <- is deprecated in the Stan language; use = instead.
Warning in 'dogs.stan', line 17, column 23: assignment operator <- is deprecated in the Stan language; use = instead.
Warning in 'dogs.stan', line 18, column 21: assignment operator <- is deprecated in the Stan language; use = instead.
Warning in 'dogs.stan', line 23, column 20: assignment operator <- is deprecated in the Stan language; use = instead.
Warning in 'dogs.stan', line 41, column 4: assignment operator <- is deprecated in the Stan language; use = instead.
Warning in 'dogs.stan', line 42, column 4: assignment operator <- is deprecated in the Stan language; use = instead.
