  $ ../../../../../../../install/default/bin/stanc --auto-format litter.stan
data {
  int<lower=0> G;
  int<lower=0> N;
  array[G, N] int<lower=0> r;
  array[G, N] int<lower=0> n;
}
parameters {
  matrix<lower=0, upper=1>[G, N] p;
  vector<lower=0, upper=1>[G] mu;
  vector<lower=0.1>[G] a_plus_b;
}
transformed parameters {
  vector[G] a;
  vector[G] b;
  a <- mu .* a_plus_b;
  b <- (1 - mu) .* a_plus_b;
}
model {
  a_plus_b ~ pareto(0.1, 1.5);
  for (g in 1 : G) {
    for (i in 1 : N) {
      p[g, i] ~ beta(a[g], b[g]);
      r[g, i] ~ binomial(n[g, i], p[g, i]);
    }
  }
}
generated quantities {
  vector<lower=0>[G] theta;
  for (g in 1 : G) 
    theta[g] <- 1 / (a[g] + b[g]);
}

Warning in 'litter.stan', line 15, column 4: assignment operator <- is deprecated in the Stan language; use = instead.
Warning in 'litter.stan', line 16, column 4: assignment operator <- is deprecated in the Stan language; use = instead.
Warning in 'litter.stan', line 30, column 13: assignment operator <- is deprecated in the Stan language; use = instead.
  $ ../../../../../../../install/default/bin/stanc --auto-format litter_old_param.stan
data {
  int<lower=0> G;
  int<lower=0> N;
  array[G, N] int<lower=0> r;
  array[G, N] int<lower=0> n;
}
parameters {
  matrix<lower=0, upper=1>[G, N] p;
  vector<lower=0.1>[G] a;
  vector<lower=0.1>[G] b;
}
model {
  a ~ gamma(1, 0.001);
  b ~ gamma(1, 0.001);
  for (g in 1 : G) {
    for (i in 1 : N) {
      p[g, i] ~ beta(a[g], b[g]);
      r[g, i] ~ binomial(n[g, i], p[g, i]);
    }
  }
}
generated quantities {
  vector<lower=0, upper=1>[G] mu;
  vector<lower=0>[G] theta;
  for (g in 1 : G) 
    mu[g] <- a[g] / (a[g] + b[g]);
  for (g in 1 : G) 
    theta[g] <- 1 / (a[g] + b[g]);
}

Warning in 'litter_old_param.stan', line 26, column 10: assignment operator <- is deprecated in the Stan language; use = instead.
Warning in 'litter_old_param.stan', line 28, column 13: assignment operator <- is deprecated in the Stan language; use = instead.
