  $ ../../../../../../install/default/bin/stanc --auto-format nnmf.stan
data {
  int<lower=0> T;
  int<lower=0> I;
  int<lower=0> K;
  matrix[T, I] X;
  array[I] real<lower=0> sigma;
}
transformed data {
  real<lower=0> g_bar;
  real<lower=0> g_sigma;
  vector<lower=0>[I] alpha;
  vector[T] temp;
  for (t in 1 : T) 
    temp[t] <- log(sum(X[t]));
  g_bar <- mean(temp);
  g_sigma <- sd(temp);
  for (i in 1 : I) 
    alpha[i] <- 10.0;
}
parameters {
  matrix<lower=0>[T, K] G;
  array[K] simplex[I] F;
}
model {
  for (t in 1 : T) 
    G[t] ~ lognormal(g_bar, g_sigma);
  for (k in 1 : K) 
    F[k] ~ dirichlet(alpha);
  for (t in 1 : T) {
    for (i in 1 : I) {
      real mu;
      mu <- 0;
      for (k in 1 : K) 
        mu <- mu + G[t, k] * F[k, i];
      X[t, i] ~ normal(mu, sigma[i]) T[0, ];
    }
  }
}

Warning in 'nnmf.stan', line 14, column 12: assignment operator <- is deprecated in the Stan language; use = instead.
Warning in 'nnmf.stan', line 15, column 8: assignment operator <- is deprecated in the Stan language; use = instead.
Warning in 'nnmf.stan', line 16, column 10: assignment operator <- is deprecated in the Stan language; use = instead.
Warning in 'nnmf.stan', line 18, column 13: assignment operator <- is deprecated in the Stan language; use = instead.
Warning in 'nnmf.stan', line 33, column 9: assignment operator <- is deprecated in the Stan language; use = instead.
Warning in 'nnmf.stan', line 35, column 11: assignment operator <- is deprecated in the Stan language; use = instead.
  $ ../../../../../../install/default/bin/stanc --auto-format nnmf_vec.stan
data {
  int<lower=0> T;
  int<lower=0> I;
  int<lower=0> K;
  matrix<lower=0.0>[T, I] X;
  array[I] real<lower=0> sigma;
}
transformed data {
  real<lower=0> g_bar;
  real<lower=0> g_sigma;
  vector[T] temp;
  for (t in 1 : T) 
    temp[t] <- log(sum(X[t]));
  g_bar <- mean(temp);
  g_sigma <- sd(temp);
}
parameters {
  matrix<lower=0>[T, K] G;
  array[K] simplex[I] F;
}
model {
  for (t in 1 : T) 
    G[t] ~ lognormal(g_bar, g_sigma);
  for (t in 1 : T) {
    vector[I] mu;
    for (i in 1 : I) {
      mu[i] <- 0;
      for (k in 1 : K) {
        mu[i] <- mu[i] + G[t, k] * F[k, i];
      }
    }
    X[t] ~ normal(mu, sigma);
  }
}

Warning in 'nnmf_vec.stan', line 18, column 12: assignment operator <- is deprecated in the Stan language; use = instead.
Warning in 'nnmf_vec.stan', line 19, column 8: assignment operator <- is deprecated in the Stan language; use = instead.
Warning in 'nnmf_vec.stan', line 20, column 10: assignment operator <- is deprecated in the Stan language; use = instead.
Warning in 'nnmf_vec.stan', line 33, column 12: assignment operator <- is deprecated in the Stan language; use = instead.
Warning in 'nnmf_vec.stan', line 35, column 14: assignment operator <- is deprecated in the Stan language; use = instead.
