  $ ../../../../../../../../../install/default/bin/stanc --auto-format multinomial_log.stan
data {
  int d_int;
  array[d_int] int d_int_array;
  vector[d_int] d_vector;
}
transformed data {
  real transformed_data_real;
  transformed_data_real = multinomial_log(d_int_array, d_vector);
}
parameters {
  vector[d_int] p_vector;
  real y_p;
}
transformed parameters {
  real transformed_param_real;
  transformed_param_real = multinomial_log(d_int_array, d_vector);
  transformed_param_real = multinomial_log(d_int_array, p_vector);
}
model {
  y_p ~ normal(0, 1);
}

Warning in 'multinomial_log.stan', line 8, column 26: multinomial_log is
    deprecated and will be removed in Stan 2.32.0. Use multinomial_lpmf
    instead. This can be automatically changed using stanc --print-canonical
Warning in 'multinomial_log.stan', line 16, column 27: multinomial_log is
    deprecated and will be removed in Stan 2.32.0. Use multinomial_lpmf
    instead. This can be automatically changed using stanc --print-canonical
Warning in 'multinomial_log.stan', line 17, column 27: multinomial_log is
    deprecated and will be removed in Stan 2.32.0. Use multinomial_lpmf
    instead. This can be automatically changed using stanc --print-canonical
  $ ../../../../../../../../../install/default/bin/stanc --auto-format multinomial_logit_lpmf.stan
data {
  int d_int;
  array[d_int] int d_int_array;
  vector[d_int] d_vector;
}
transformed data {
  real transformed_data_real;
  transformed_data_real = multinomial_logit_lpmf(d_int_array | d_vector);
}
parameters {
  vector[d_int] p_vector;
  real y_p;
}
transformed parameters {
  real transformed_param_real;
  transformed_param_real = multinomial_logit_lpmf(d_int_array | d_vector);
  transformed_param_real = multinomial_logit_lpmf(d_int_array | p_vector);
}
model {
  y_p ~ normal(0, 1);
}

