  $ ../../../../../../../install/default/bin/stanc --auto-format endo1.stan
data {
  int n10;
  int n01;
  int n11;
  int I;
}
transformed data {
  int J;
  array[2, I] int Y;
  array[2] vector<lower=0>[I] est;
  vector[I] est1m2;
  J <- 2;
  for (i in 1 : I) {
    Y[1, i] <- 1;
    Y[2, i] <- 0;
  }
  for (i in 1 : n10) {
    est[1, i] <- 1;
    est[2, i] <- 0;
  }
  for (i in (n10 + 1) : (n10 + n01)) {
    est[1, i] <- 0;
    est[2, i] <- 1;
  }
  for (i in (n10 + n01 + 1) : (n10 + n01 + n11)) {
    est[1, i] <- 1;
    est[2, i] <- 1;
  }
  for (i in (n10 + n01 + n11 + 1) : I) {
    est[1, i] <- 0;
    est[2, i] <- 0;
  }
  est1m2 <- est[1] - est[2];
}
parameters {
  real beta;
}
model {
  beta ~ normal(0, 1000);
  Y[1] ~ binomial_logit(1, beta * est1m2);
}

Warning in 'endo1.stan', line 1, column 0: Comments beginning with # are deprecated. Please use // in place of # for line comments.
Warning in 'endo1.stan', line 2, column 0: Comments beginning with # are deprecated. Please use // in place of # for line comments.
Warning in 'endo1.stan', line 4, column 0: Comments beginning with # are deprecated. Please use // in place of # for line comments.
Warning in 'endo1.stan', line 5, column 0: Comments beginning with # are deprecated. Please use // in place of # for line comments.
Warning in 'endo1.stan', line 6, column 0: Comments beginning with # are deprecated. Please use // in place of # for line comments.
Warning in 'endo1.stan', line 20, column 4: assignment operator <- is deprecated in the Stan language; use = instead.
Warning in 'endo1.stan', line 22, column 12: assignment operator <- is deprecated in the Stan language; use = instead.
Warning in 'endo1.stan', line 23, column 12: assignment operator <- is deprecated in the Stan language; use = instead.
Warning in 'endo1.stan', line 26, column 14: assignment operator <- is deprecated in the Stan language; use = instead.
Warning in 'endo1.stan', line 27, column 14: assignment operator <- is deprecated in the Stan language; use = instead.
Warning in 'endo1.stan', line 30, column 14: assignment operator <- is deprecated in the Stan language; use = instead.
Warning in 'endo1.stan', line 31, column 14: assignment operator <- is deprecated in the Stan language; use = instead.
Warning in 'endo1.stan', line 34, column 14: assignment operator <- is deprecated in the Stan language; use = instead.
Warning in 'endo1.stan', line 35, column 14: assignment operator <- is deprecated in the Stan language; use = instead.
Warning in 'endo1.stan', line 38, column 14: assignment operator <- is deprecated in the Stan language; use = instead.
Warning in 'endo1.stan', line 39, column 14: assignment operator <- is deprecated in the Stan language; use = instead.
Warning in 'endo1.stan', line 41, column 9: assignment operator <- is deprecated in the Stan language; use = instead.
Warning in 'endo1.stan', line 49, column 2: Comments beginning with # are deprecated. Please use // in place of # for line comments.
  $ ../../../../../../../install/default/bin/stanc --auto-format endo2.stan
data {
  int n10;
  int n01;
  int n11;
  int I;
  int J;
}
transformed data {
  array[I, 2] int<lower=0> Y;
  array[I, 2] int<lower=0> est;
  for (i in 1 : I) {
    Y[i, 1] <- 1;
    Y[i, 2] <- 0;
  }
  for (i in 1 : n10) {
    est[i, 1] <- 1;
    est[i, 2] <- 0;
  }
  for (i in (n10 + 1) : (n10 + n01)) {
    est[i, 1] <- 0;
    est[i, 2] <- 1;
  }
  for (i in (n10 + n01 + 1) : (n10 + n01 + n11)) {
    est[i, 1] <- 1;
    est[i, 2] <- 1;
  }
  for (i in (n10 + n01 + n11 + 1) : I) {
    est[i, 1] <- 0;
    est[i, 2] <- 0;
  }
}
parameters {
  real beta;
}
model {
  array[I, 2] real p;
  beta ~ normal(0, 1000);
  for (i in 1 : I) {
    p[i, 1] <- exp(beta * est[i, 1]);
    p[i, 2] <- exp(beta * est[i, 2]);
    p[i, 1] <- p[i, 1] / (p[i, 1] + p[i, 2]);
    p[i, 2] <- 1 - p[i, 1];
    increment_log_prob(log(p[i, 1]) * Y[i, 1]);
    increment_log_prob(log(p[i, 2]) * Y[i, 2]);
  }
}

Warning in 'endo2.stan', line 22, column 12: assignment operator <- is deprecated in the Stan language; use = instead.
Warning in 'endo2.stan', line 23, column 12: assignment operator <- is deprecated in the Stan language; use = instead.
Warning in 'endo2.stan', line 26, column 14: assignment operator <- is deprecated in the Stan language; use = instead.
Warning in 'endo2.stan', line 27, column 14: assignment operator <- is deprecated in the Stan language; use = instead.
Warning in 'endo2.stan', line 30, column 14: assignment operator <- is deprecated in the Stan language; use = instead.
Warning in 'endo2.stan', line 31, column 14: assignment operator <- is deprecated in the Stan language; use = instead.
Warning in 'endo2.stan', line 34, column 14: assignment operator <- is deprecated in the Stan language; use = instead.
Warning in 'endo2.stan', line 35, column 14: assignment operator <- is deprecated in the Stan language; use = instead.
Warning in 'endo2.stan', line 38, column 14: assignment operator <- is deprecated in the Stan language; use = instead.
Warning in 'endo2.stan', line 39, column 14: assignment operator <- is deprecated in the Stan language; use = instead.
Warning in 'endo2.stan', line 48, column 2: Comments beginning with # are deprecated. Please use // in place of # for line comments.
Warning in 'endo2.stan', line 52, column 12: assignment operator <- is deprecated in the Stan language; use = instead.
Warning in 'endo2.stan', line 53, column 12: assignment operator <- is deprecated in the Stan language; use = instead.
Warning in 'endo2.stan', line 54, column 12: assignment operator <- is deprecated in the Stan language; use = instead.
Warning in 'endo2.stan', line 55, column 12: assignment operator <- is deprecated in the Stan language; use = instead.
Warning in 'endo2.stan', line 58, column 4: increment_log_prob(...); is deprecated and will be removed in the future. Use target += ...; instead.
Warning in 'endo2.stan', line 59, column 4: increment_log_prob(...); is deprecated and will be removed in the future. Use target += ...; instead.
  $ ../../../../../../../install/default/bin/stanc --auto-format endo3.stan
data {
  int n10;
  int n01;
  int n11;
  int I;
}
transformed data {
  int J;
  array[2, I] int<lower=0> Y;
  array[2] vector<lower=0>[I] est;
  J <- 2;
  for (i in 1 : I) {
    Y[1, i] <- 1;
    Y[2, i] <- 0;
  }
  for (i in 1 : n10) {
    est[1, i] <- 1;
    est[2, i] <- 0;
  }
  for (i in (n10 + 1) : (n10 + n01)) {
    est[1, i] <- 0;
    est[2, i] <- 1;
  }
  for (i in (n10 + n01 + 1) : (n10 + n01 + n11)) {
    est[1, i] <- 1;
    est[2, i] <- 1;
  }
  for (i in (n10 + n01 + n11 + 1) : I) {
    est[1, i] <- 0;
    est[2, i] <- 0;
  }
}
parameters {
  real beta;
  vector[I] beta0;
}
model {
  beta ~ normal(0, 1000);
  beta0 ~ normal(0, 1000);
  for (j in 1 : J) 
    Y[j] ~ poisson_log(beta0 + beta * est[j]);
}

Warning in 'endo3.stan', line 1, column 0: Comments beginning with # are deprecated. Please use // in place of # for line comments.
Warning in 'endo3.stan', line 2, column 0: Comments beginning with # are deprecated. Please use // in place of # for line comments.
Warning in 'endo3.stan', line 4, column 0: Comments beginning with # are deprecated. Please use // in place of # for line comments.
Warning in 'endo3.stan', line 5, column 0: Comments beginning with # are deprecated. Please use // in place of # for line comments.
Warning in 'endo3.stan', line 6, column 0: Comments beginning with # are deprecated. Please use // in place of # for line comments.
Warning in 'endo3.stan', line 20, column 4: assignment operator <- is deprecated in the Stan language; use = instead.
Warning in 'endo3.stan', line 22, column 12: assignment operator <- is deprecated in the Stan language; use = instead.
Warning in 'endo3.stan', line 23, column 12: assignment operator <- is deprecated in the Stan language; use = instead.
Warning in 'endo3.stan', line 26, column 14: assignment operator <- is deprecated in the Stan language; use = instead.
Warning in 'endo3.stan', line 27, column 14: assignment operator <- is deprecated in the Stan language; use = instead.
Warning in 'endo3.stan', line 30, column 14: assignment operator <- is deprecated in the Stan language; use = instead.
Warning in 'endo3.stan', line 31, column 14: assignment operator <- is deprecated in the Stan language; use = instead.
Warning in 'endo3.stan', line 34, column 14: assignment operator <- is deprecated in the Stan language; use = instead.
Warning in 'endo3.stan', line 35, column 14: assignment operator <- is deprecated in the Stan language; use = instead.
Warning in 'endo3.stan', line 38, column 14: assignment operator <- is deprecated in the Stan language; use = instead.
Warning in 'endo3.stan', line 39, column 14: assignment operator <- is deprecated in the Stan language; use = instead.
Warning in 'endo3.stan', line 49, column 2: Comments beginning with # are deprecated. Please use // in place of # for line comments.
