  $ ../../../../../../../install/default/bin/stanc --auto-format mvn_orange.stan
data {
  int<lower=0> K;
  int<lower=0> N;
  array[N] int x;
  array[K, N] real Y;
  cov_matrix[3] invR;
  cov_matrix[3] mu_var_prior;
  vector[3] mu_m_prior;
}
parameters {
  real<lower=0> sigmasq;
  array[K] vector[3] theta;
  vector[3] mu;
  cov_matrix[3] sigma2;
}
transformed parameters {
  real<lower=0> sigma_C;
  sigma_C <- sqrt(sigmasq);
}
model {
  array[K, 3] real phi;
  for (k in 1 : K) {
    theta[k] ~ multi_normal(mu, sigma2);
    phi[k, 1] <- exp(theta[k, 1]);
    phi[k, 2] <- exp(theta[k, 2]) - 1;
    phi[k, 3] <- -exp(theta[k, 3]);
  }
  sigmasq ~ inv_gamma(.001, .001);
  for (k in 1 : K) {
    for (n in 1 : N) 
      Y[k, n] ~ normal(phi[k, 1] / (1 + phi[k, 2] * exp(phi[k, 3] * x[n])),
                       sigma_C);
  }
  mu ~ multi_normal(mu_m_prior, mu_var_prior);
  sigma2 ~ inv_wishart(3, invR);
}
generated quantities {
  vector[3] sigma;
  sigma[1] <- sqrt(sigma2[1, 1]);
  sigma[2] <- sqrt(sigma2[2, 2]);
  sigma[3] <- sqrt(sigma2[3, 3]);
}

Warning in 'mvn_orange.stan', line 5, column 0: Comments beginning with # are deprecated. Please use // in place of # for line comments.
Warning in 'mvn_orange.stan', line 6, column 0: Comments beginning with # are deprecated. Please use // in place of # for line comments.
Warning in 'mvn_orange.stan', line 27, column 10: assignment operator <- is deprecated in the Stan language; use = instead.
Warning in 'mvn_orange.stan', line 34, column 14: assignment operator <- is deprecated in the Stan language; use = instead.
Warning in 'mvn_orange.stan', line 35, column 14: assignment operator <- is deprecated in the Stan language; use = instead.
Warning in 'mvn_orange.stan', line 36, column 14: assignment operator <- is deprecated in the Stan language; use = instead.
Warning in 'mvn_orange.stan', line 50, column 11: assignment operator <- is deprecated in the Stan language; use = instead.
Warning in 'mvn_orange.stan', line 51, column 11: assignment operator <- is deprecated in the Stan language; use = instead.
Warning in 'mvn_orange.stan', line 52, column 11: assignment operator <- is deprecated in the Stan language; use = instead.
