  $ ../../../../../../../install/default/bin/stanc --auto-format leukfr.stan
data {
  int<lower=0> N;
  int<lower=0> NT;
  array[N] int<lower=0> obs_t;
  array[NT + 1] int<lower=0> t;
  array[N] int<lower=0> fail;
  int<lower=0> Npair;
  array[N] int<lower=0> pair;
  array[N] real Z;
}
transformed data {
  array[N, NT] int Y;
  array[N, NT] int dN;
  real c;
  real r;
  for (i in 1 : N) {
    for (j in 1 : NT) {
      Y[i, j] <- int_step(obs_t[i] - t[j] + .000000001);
      dN[i, j] <- Y[i, j] * fail[i]
                  * int_step(t[j + 1] - obs_t[i] - .000000001);
    }
  }
  c <- 0.001;
  r <- 0.1;
}
parameters {
  real beta;
  real<lower=0> tau;
  array[NT] real<lower=0> dL0;
  array[Npair] real b;
}
transformed parameters {
  real<lower=0> sigma;
  sigma <- 1 / sqrt(tau);
}
model {
  beta ~ normal(0, 1000);
  tau ~ gamma(.001, .001);
  b ~ normal(0, sigma);
  for (j in 1 : NT) {
    dL0[j] ~ gamma(r * (t[j + 1] - t[j]) * c, c);
    for (i in 1 : N) {
      if (Y[i, j] != 0) 
        increment_log_prob(poisson_log(dN[i, j],
                                       Y[i, j]
                                       * exp(beta * Z[i] + b[pair[i]])
                                       * dL0[j]));
    }
  }
}

Warning in 'leukfr.stan', line 31, column 14: assignment operator <- is deprecated in the Stan language; use = instead.
Warning in 'leukfr.stan', line 32, column 15: assignment operator <- is deprecated in the Stan language; use = instead.
Warning in 'leukfr.stan', line 35, column 4: assignment operator <- is deprecated in the Stan language; use = instead.
Warning in 'leukfr.stan', line 36, column 4: assignment operator <- is deprecated in the Stan language; use = instead.
Warning in 'leukfr.stan', line 46, column 8: assignment operator <- is deprecated in the Stan language; use = instead.
Warning in 'leukfr.stan', line 56, column 8: increment_log_prob(...); is deprecated and will be removed in the future. Use target += ...; instead.
Warning in 'leukfr.stan', line 56, column 27: poisson_log is deprecated and will be removed in the future. Use poisson_lpmf instead.
