  $ ../../../../../../../install/default/bin/stanc --auto-format surgical.stan
data {
  int<lower=0> N;
  array[N] int r;
  array[N] int n;
}
parameters {
  real mu;
  real<lower=0> sigmasq;
  array[N] real b;
}
transformed parameters {
  real<lower=0> sigma;
  array[N] real<lower=0, upper=1> p;
  sigma <- sqrt(sigmasq);
  for (i in 1 : N) 
    p[i] <- inv_logit(b[i]);
}
model {
  mu ~ normal(0.0, 1000.0);
  sigmasq ~ inv_gamma(0.001, 0.001);
  b ~ normal(mu, sigma);
  r ~ binomial_logit(n, b);
}
generated quantities {
  real pop_mean;
  pop_mean <- inv_logit(mu);
}

Warning in 'surgical.stan', line 1, column 0: Comments beginning with # are deprecated. Please use // in place of # for line comments.
Warning in 'surgical.stan', line 2, column 0: Comments beginning with # are deprecated. Please use // in place of # for line comments.
Warning in 'surgical.stan', line 16, column 8: assignment operator <- is deprecated in the Stan language; use = instead.
Warning in 'surgical.stan', line 18, column 9: assignment operator <- is deprecated in the Stan language; use = instead.
Warning in 'surgical.stan', line 28, column 11: assignment operator <- is deprecated in the Stan language; use = instead.
  $ ../../../../../../../install/default/bin/stanc --auto-format surgical_stanified.stan
data {
  int<lower=0> N;
  array[N] int r;
  array[N] int n;
}
parameters {
  real mu;
  array[N] real b;
  real<lower=0> sigma;
}
model {
  mu ~ normal(0.0, 20);
  sigma ~ cauchy(0, 1);
  b ~ normal(mu, sigma);
  r ~ binomial_logit(n, b);
}
generated quantities {
  array[N] real<lower=0, upper=1> p;
  array[N] real<lower=0> ranks;
  real pop_mean;
  pop_mean <- inv_logit(mu);
  for (i in 1 : N) {
    p[i] <- inv_logit(b[i]);
    ranks[i] <- rank(b, i);
  }
}

Warning in 'surgical_stanified.stan', line 1, column 0: Comments beginning with # are deprecated. Please use // in place of # for line comments.
Warning in 'surgical_stanified.stan', line 2, column 0: Comments beginning with # are deprecated. Please use // in place of # for line comments.
Warning in 'surgical_stanified.stan', line 3, column 0: Comments beginning with # are deprecated. Please use // in place of # for line comments.
Warning in 'surgical_stanified.stan', line 4, column 0: Comments beginning with # are deprecated. Please use // in place of # for line comments.
Warning in 'surgical_stanified.stan', line 18, column 23: Comments beginning with # are deprecated. Please use // in place of # for line comments.
Warning in 'surgical_stanified.stan', line 27, column 11: assignment operator <- is deprecated in the Stan language; use = instead.
Warning in 'surgical_stanified.stan', line 29, column 9: assignment operator <- is deprecated in the Stan language; use = instead.
Warning in 'surgical_stanified.stan', line 30, column 13: assignment operator <- is deprecated in the Stan language; use = instead.
