  $ ../../../../../../../install/default/bin/stanc --auto-format dugongs.stan
data {
  int<lower=0> N;
  array[N] real x;
  array[N] real Y;
}
parameters {
  real alpha;
  real beta;
  real<lower=.5, upper=1> lambda;
  real<lower=0> tau;
}
transformed parameters {
  real sigma;
  real U3;
  sigma <- 1 / sqrt(tau);
  U3 <- logit(lambda);
}
model {
  array[N] real m;
  for (i in 1 : N) 
    m[i] <- alpha - beta * pow(lambda, x[i]);
  Y ~ normal(m, sigma);
  alpha ~ normal(0.0, 1000);
  beta ~ normal(0.0, 1000);
  lambda ~ uniform(.5, 1);
  tau ~ gamma(.0001, .0001);
}

Warning in 'dugongs.stan', line 25, column 8: assignment operator <- is deprecated in the Stan language; use = instead.
Warning in 'dugongs.stan', line 26, column 5: assignment operator <- is deprecated in the Stan language; use = instead.
Warning in 'dugongs.stan', line 31, column 9: assignment operator <- is deprecated in the Stan language; use = instead.
