  $ ../../../../../install/default/bin/stanc --auto-format domain_fail.stan
parameters {
  real<lower=0> x;
}
model {
  increment_log_prob(-sqrt(-x));
}

Warning in 'domain_fail.stan', line 6, column 2: increment_log_prob(...); is deprecated and will be removed in the future. Use target += ...; instead.
  $ ../../../../../install/default/bin/stanc --auto-format valid.stan
parameters {
  real x;
}
model {
  increment_log_prob(-0.5 * square(x));
}

Warning in 'valid.stan', line 6, column 2: increment_log_prob(...); is deprecated and will be removed in the future. Use target += ...; instead.
