  $ ../../../../../../install/default/bin/stanc --auto-format irt-multilevel.stan
data {
  int<lower=1> I;
  int<lower=1> J;
  int<lower=1> K;
  int<lower=1> N;
  array[N] int<lower=1, upper=I> ii;
  array[N] int<lower=1, upper=J> jj;
  array[N] int<lower=1, upper=J> kk;
  array[N] int<lower=0, upper=1> y;
}
parameters {
  vector[J] alpha;
  vector[I] beta;
  vector[K] gamma;
  vector<lower=0>[I] delta;
  real zeta;
  real<lower=0> mu_delta;
  real<lower=0, upper=20> sigma_beta;
  real<lower=0, upper=20> sigma_gamma;
  real<lower=0, upper=20> sigma_delta;
}
model {
  vector[N] log_odds;
  alpha ~ normal(0, 1);
  beta ~ normal(0, sigma_beta);
  gamma ~ normal(0, sigma_gamma);
  delta ~ lognormal(mu_delta, sigma_delta);
  zeta ~ normal(0, 10);
  mu_delta ~ lognormal(0, 10);
  for (n in 1 : N) 
    log_odds[n] <- delta[ii[n]]
                   * (zeta + alpha[jj[n]] + gamma[kk[n]] - beta[ii[n]]);
  y ~ bernoulli_logit(log_odds);
}

Warning in 'irt-multilevel.stan', line 33, column 16: assignment operator <- is deprecated in the Stan language; use = instead.
  $ ../../../../../../install/default/bin/stanc --auto-format irt.stan
data {
  int<lower=1> I;
  int<lower=1> J;
  array[I, J] int<lower=0, upper=1> y;
}
parameters {
  vector[J] alpha;
  vector[I] beta;
  vector<lower=0>[I] delta;
}
model {
  alpha ~ normal(0, 1);
  beta ~ normal(0, 5);
  delta ~ gamma(2, 2);
  for (i in 1 : I) 
    y[i] ~ bernoulli_logit(delta[i] * (alpha - beta[i]));
}

  $ ../../../../../../install/default/bin/stanc --auto-format irt_1pl.stan
data {
  int<lower=0> I;
  int<lower=0> J;
  array[I, J] int<lower=0, upper=1> y;
}
parameters {
  vector[I] b;
  vector[J] theta;
}
model {
  theta ~ normal(0, 1);
  b ~ normal(-1, 2);
  for (i in 1 : I) 
    y[i] ~ bernoulli_logit(theta - b[i]);
}

Warning in 'irt_1pl.stan', line 1, column 0: Comments beginning with # are deprecated. Please use // in place of # for line comments.
  $ ../../../../../../install/default/bin/stanc --auto-format irt_1pl_adjust.stan
data {
  int<lower=0> I;
  int<lower=0> J;
  array[I, J] int<lower=0, upper=1> y;
}
parameters {
  vector[I] b_raw;
  vector[J] theta_raw;
}
transformed parameters {
  vector[I] b;
  vector[J] theta;
  {
    real mean_theta_raw;
    mean_theta_raw <- mean(theta_raw);
    theta <- theta_raw - mean_theta_raw;
    b <- b_raw - mean_theta_raw;
  }
}
model {
  for (i in 1 : I) 
    y[i] ~ bernoulli_logit(theta - b[i]);
}

Warning in 'irt_1pl_adjust.stan', line 1, column 0: Comments beginning with # are deprecated. Please use // in place of # for line comments.
Warning in 'irt_1pl_adjust.stan', line 16, column 19: assignment operator <- is deprecated in the Stan language; use = instead.
Warning in 'irt_1pl_adjust.stan', line 17, column 10: assignment operator <- is deprecated in the Stan language; use = instead.
Warning in 'irt_1pl_adjust.stan', line 18, column 6: assignment operator <- is deprecated in the Stan language; use = instead.
  $ ../../../../../../install/default/bin/stanc --auto-format irt_1pl_fit_predict.stan
data {
  int<lower=0> I;
  int<lower=0> J;
  array[I, J] int<lower=0, upper=1> y;
}
parameters {
  vector[I] b;
  vector[J] theta;
}
model {
  theta ~ normal(0, 1);
  b ~ normal(-1, 2);
  for (i in 1 : I) 
    y[i] ~ bernoulli_logit(theta - b[i]);
}
generated quantities {
  array[100] int<lower=0, upper=I> z_sim;
  array[40] real theta_sim;
  for (j in 1 : 40) {
    theta_sim[j] <- (j - 20) / 4.0;
    z_sim[j] <- 0;
    for (i in 1 : I) {
      if (bernoulli_logit_rng(theta_sim[j] - b[i])) 
        z_sim[j] <- z_sim[j] + 1;
    }
  }
}

Warning in 'irt_1pl_fit_predict.stan', line 1, column 0: Comments beginning with # are deprecated. Please use // in place of # for line comments.
Warning in 'irt_1pl_fit_predict.stan', line 21, column 17: assignment operator <- is deprecated in the Stan language; use = instead.
Warning in 'irt_1pl_fit_predict.stan', line 22, column 13: assignment operator <- is deprecated in the Stan language; use = instead.
Warning in 'irt_1pl_fit_predict.stan', line 25, column 17: assignment operator <- is deprecated in the Stan language; use = instead.
  $ ../../../../../../install/default/bin/stanc --auto-format irt_1pl_hier.stan
data {
  int<lower=0> I;
  int<lower=0> J;
  array[I, J] int<lower=0, upper=1> y;
}
parameters {
  vector[I] b;
  vector[J] theta;
  real mu_b;
  real<lower=0> sigma_b;
  real<lower=0> sigma_theta;
}
model {
  mu_b ~ normal(0, 5);
  sigma_b ~ cauchy(0, 2);
  sigma_theta ~ cauchy(0, 2);
  b ~ normal(mu_b, sigma_b);
  theta ~ normal(0, sigma_theta);
  for (i in 1 : I) 
    y[i] ~ bernoulli_logit(theta - b[i]);
}

Warning in 'irt_1pl_hier.stan', line 1, column 0: Comments beginning with # are deprecated. Please use // in place of # for line comments.
  $ ../../../../../../install/default/bin/stanc --auto-format irt_1pl_mle.stan
data {
  int<lower=0> I;
  int<lower=0> J;
  array[I, J] int<lower=0, upper=1> y;
}
parameters {
  vector[I] b;
  vector[J] theta;
}
model {
  for (i in 1 : I) 
    y[i] ~ bernoulli_logit(theta - b[i]);
}

  $ ../../../../../../install/default/bin/stanc --auto-format irt_1pl_pin.stan
data {
  int<lower=0> I;
  int<lower=0> J;
  array[I, J] int<lower=0, upper=1> y;
}
parameters {
  vector[I] b;
  vector[J - 1] theta;
}
model {
  for (i in 1 : I) {
    head(y[i], J - 1) ~ bernoulli_logit(theta - b[i]);
    y[i, J] ~ bernoulli_logit(b[i]);
  }
}

Warning in 'irt_1pl_pin.stan', line 1, column 0: Comments beginning with # are deprecated. Please use // in place of # for line comments.
  $ ../../../../../../install/default/bin/stanc --auto-format irt_1pl_power.stan

  $ ../../../../../../install/default/bin/stanc --auto-format irt_1pl_predict.stan
data {
  int<lower=0> I;
  int<lower=0> J;
  array[I, J] int<lower=0, upper=1> y;
}
parameters {
  vector[I] b;
  vector[J] theta;
}
model {
  theta ~ normal(0, 1);
  b ~ normal(-1, 2);
  for (i in 1 : I) 
    y[i] ~ bernoulli_logit(theta - b[i]);
}
generated quantities {
  array[100] int<lower=0, upper=I> z_sim;
  array[40] real theta_sim;
  for (j in 1 : 40) {
    theta_sim[j] <- (j - 20) / 4.0;
    z_sim[j] <- 0;
    for (i in 1 : I) {
      if (bernoulli_logit_rng(theta_sim[j] - b[i])) 
        z_sim[j] <- z_sim[j] + 1;
    }
  }
}

Warning in 'irt_1pl_predict.stan', line 1, column 0: Comments beginning with # are deprecated. Please use // in place of # for line comments.
Warning in 'irt_1pl_predict.stan', line 21, column 17: assignment operator <- is deprecated in the Stan language; use = instead.
Warning in 'irt_1pl_predict.stan', line 22, column 13: assignment operator <- is deprecated in the Stan language; use = instead.
Warning in 'irt_1pl_predict.stan', line 25, column 17: assignment operator <- is deprecated in the Stan language; use = instead.
  $ ../../../../../../install/default/bin/stanc --auto-format irt_1pl_unit.stan
data {
  int<lower=0> I;
  int<lower=0> J;
  array[I, J] int<lower=0, upper=1> y;
}
parameters {
  vector[I] b;
  vector[J - 1] theta_raw;
}
transformed parameters {
  vector[J] theta;
  theta[1] <- -sum(theta_raw);
  for (j in 2 : J) 
    theta[j] <- theta_raw[j];
}
model {
  for (i in 1 : I) 
    y[i] ~ bernoulli_logit(theta - b[i]);
}

Warning in 'irt_1pl_unit.stan', line 1, column 0: Comments beginning with # are deprecated. Please use // in place of # for line comments.
Warning in 'irt_1pl_unit.stan', line 13, column 11: assignment operator <- is deprecated in the Stan language; use = instead.
Warning in 'irt_1pl_unit.stan', line 15, column 13: assignment operator <- is deprecated in the Stan language; use = instead.
  $ ../../../../../../install/default/bin/stanc --auto-format irt_1pl_vague.stan
data {
  int<lower=0> I;
  int<lower=0> J;
  array[I, J] int<lower=0, upper=1> y;
  real mu_theta;
  real<lower=0> sigma_theta;
  real mu_b;
  real<lower=0> sigma_b;
}
parameters {
  vector[I] b;
  vector[J] theta;
}
model {
  theta ~ normal(mu_theta, sigma_theta);
  b ~ normal(mu_b, sigma_b);
  for (i in 1 : I) 
    y[i] ~ bernoulli_logit(theta - b[i]);
}

Warning in 'irt_1pl_vague.stan', line 1, column 0: Comments beginning with # are deprecated. Please use // in place of # for line comments.
  $ ../../../../../../install/default/bin/stanc --auto-format irt_2pl_power.stan
data {
  int<lower=0> I;
  vector[I] a;
  vector[I] b;
}
model {

}
generated quantities {
  array[100] int<lower=0, upper=I> z_sim;
  vector[100] theta_sim;
  for (j in 1 : 100) {
    theta_sim[j] <- (j - 50) / 10.0;
    z_sim[j] <- 0;
    for (i in 1 : I) 
      z_sim[j] <- z_sim[j]
                  + bernoulli_rng(inv_logit(a[i] * (theta_sim[j] - b[i])));
  }
}

Warning in 'irt_2pl_power.stan', line 1, column 0: Comments beginning with # are deprecated. Please use // in place of # for line comments.
Warning in 'irt_2pl_power.stan', line 13, column 17: assignment operator <- is deprecated in the Stan language; use = instead.
Warning in 'irt_2pl_power.stan', line 14, column 13: assignment operator <- is deprecated in the Stan language; use = instead.
Warning in 'irt_2pl_power.stan', line 16, column 15: assignment operator <- is deprecated in the Stan language; use = instead.
  $ ../../../../../../install/default/bin/stanc --auto-format irt_power.stan

