  $ ../../../../../../../install/default/bin/stanc --auto-format ice.stan
data {
  int<lower=0> N;
  int<lower=0> Nage;
  int<lower=0> K;
  array[N] int year;
  array[N] int cases;
  array[N] int age;
  array[N] int pyr;
  real alpha1;
}
parameters {
  array[Nage - 1] real alpha;
  array[K] real beta;
  real<lower=0, upper=1> sigma;
}
model {
  vector[N] r;
  sigma ~ uniform(0, 1);
  for (k in 1 : 2) 
    beta[k] ~ normal(0, sigma * 1E3);
  for (k in 3 : K) 
    beta[k] ~ normal(2 * beta[k - 1] - beta[k - 2], sigma);
  alpha ~ normal(0, 1000);
  for (i in 1 : N) {
    if (age[i] == 1) 
      r[i] <- alpha1 + log(pyr[i]) + beta[year[i]];
    else 
      r[i] <- alpha[age[i] - 1] + log(pyr[i]) + beta[year[i]];
  }
  cases ~ poisson_log(r);
}
generated quantities {
  array[K] real logRR;
  for (k in 1 : K) 
    logRR[k] <- beta[k] - beta[5];
}

Warning in 'ice.stan', line 1, column 0: Comments beginning with # are deprecated. Please use // in place of # for line comments.
Warning in 'ice.stan', line 2, column 0: Comments beginning with # are deprecated. Please use // in place of # for line comments.
Warning in 'ice.stan', line 39, column 26: assignment operator <- is deprecated in the Stan language; use = instead.
Warning in 'ice.stan', line 40, column 14: assignment operator <- is deprecated in the Stan language; use = instead.
Warning in 'ice.stan', line 49, column 13: assignment operator <- is deprecated in the Stan language; use = instead.
