  $ ../../../../../../../install/default/bin/stanc --auto-format lsat.stan
data {
  int<lower=0> N;
  int<lower=0> R;
  int<lower=0> T;
  array[R] int<lower=0> culm;
  array[R, T] int<lower=0> response;
}
transformed data {
  array[T, N] int r;
  vector[N] ones;
  for (j in 1 : culm[1]) {
    for (k in 1 : T) {
      r[k, j] <- response[1, k];
    }
  }
  for (i in 2 : R) {
    for (j in (culm[i - 1] + 1) : culm[i]) {
      for (k in 1 : T) {
        r[k, j] <- response[i, k];
      }
    }
  }
  for (i in 1 : N) 
    ones[i] <- 1.0;
}
parameters {
  array[T] real alpha;
  vector[N] theta;
  real<lower=0> beta;
}
model {
  alpha ~ normal(0, 100.);
  theta ~ normal(0, 1);
  beta ~ normal(0.0, 100.);
  for (k in 1 : T) 
    r[k] ~ bernoulli_logit(beta * theta - alpha[k] * ones);
}
generated quantities {
  real mean_alpha;
  array[T] real a;
  mean_alpha <- mean(alpha);
  for (t in 1 : T) 
    a[t] <- alpha[t] - mean_alpha;
}

Warning in 'lsat.stan', line 1, column 0: Comments beginning with # are deprecated. Please use // in place of # for line comments.
Warning in 'lsat.stan', line 2, column 0: Comments beginning with # are deprecated. Please use // in place of # for line comments.
Warning in 'lsat.stan', line 18, column 13: assignment operator <- is deprecated in the Stan language; use = instead.
Warning in 'lsat.stan', line 24, column 15: assignment operator <- is deprecated in the Stan language; use = instead.
Warning in 'lsat.stan', line 29, column 12: assignment operator <- is deprecated in the Stan language; use = instead.
Warning in 'lsat.stan', line 47, column 13: assignment operator <- is deprecated in the Stan language; use = instead.
Warning in 'lsat.stan', line 48, column 21: assignment operator <- is deprecated in the Stan language; use = instead.
