  $ ../../../../../../../install/default/bin/stanc --auto-format seeds.stan
data {
  int<lower=0> I;
  array[I] int<lower=0> n;
  array[I] int<lower=0> N;
  vector[I] x1;
  vector[I] x2;
}
transformed data {
  int K;
  vector[I] x1x2;
  K <- 8;
  x1x2 <- x1 .* x2;
}
parameters {
  real alpha0;
  real alpha1;
  real alpha2;
  real alpha12;
  real<lower=0> tau;
  array[I] vector[K] b;
}
transformed parameters {
  real sigma;
  sigma <- 1 / sqrt(tau);
}
model {
  alpha0 ~ normal(0.0, 1.0E3);
  alpha1 ~ normal(0.0, 1.0E3);
  alpha2 ~ normal(0.0, 1.0E3);
  alpha12 ~ normal(0.0, 1.0E3);
  tau ~ gamma(1.0E-3, 1.0E-3);
  for (i in 1 : I) {
    b[i] ~ normal(0.0, sigma);
    n[i] ~ binomial_logit(N[i],
                          alpha0 + alpha1 * x1[i] + alpha2 * x2[i]
                          + alpha12 * x1x2[i] + b[i]);
  }
}

Warning in 'seeds.stan', line 1, column 0: Comments beginning with # are deprecated. Please use // in place of # for line comments.
Warning in 'seeds.stan', line 2, column 0: Comments beginning with # are deprecated. Please use // in place of # for line comments.
Warning in 'seeds.stan', line 4, column 0: Comments beginning with # are deprecated. Please use // in place of # for line comments.
Warning in 'seeds.stan', line 5, column 0: Comments beginning with # are deprecated. Please use // in place of # for line comments.
Warning in 'seeds.stan', line 6, column 0: Comments beginning with # are deprecated. Please use // in place of # for line comments.
Warning in 'seeds.stan', line 7, column 0: Comments beginning with # are deprecated. Please use // in place of # for line comments.
Warning in 'seeds.stan', line 8, column 0: Comments beginning with # are deprecated. Please use // in place of # for line comments.
Warning in 'seeds.stan', line 9, column 0: Comments beginning with # are deprecated. Please use // in place of # for line comments.
Warning in 'seeds.stan', line 10, column 0: Comments beginning with # are deprecated. Please use // in place of # for line comments.
Warning in 'seeds.stan', line 11, column 0: Comments beginning with # are deprecated. Please use // in place of # for line comments.
Warning in 'seeds.stan', line 25, column 6: assignment operator <- is deprecated in the Stan language; use = instead.
Warning in 'seeds.stan', line 26, column 9: assignment operator <- is deprecated in the Stan language; use = instead.
Warning in 'seeds.stan', line 40, column 10: assignment operator <- is deprecated in the Stan language; use = instead.
