  $ ../../../../../../../install/default/bin/stanc --auto-format alli2.stan
data {
  int I;
  int J;
  int K;
  array[I, J, K] int X;
}
parameters {
  vector[K - 1] alpha0;
  matrix[I - 1, K - 1] beta0;
  matrix[J - 1, K - 1] gamma0;
  matrix[I, J] lambda;
}
transformed parameters {
  vector[K] alpha;
  array[I] vector[K] beta;
  array[J] vector[K] gamma;
  alpha[1] <- 0;
  for (k in 1 : (K - 1)) 
    alpha[k + 1] <- alpha0[k];
  for (i in 1 : I) 
    beta[i, 1] <- 0;
  for (k in 1 : K) 
    beta[1, k] <- 0;
  for (i in 1 : (I - 1)) 
    for (k in 1 : (K - 1)) 
      beta[i + 1, k + 1] <- beta0[i, k];
  for (j in 1 : J) 
    gamma[j, 1] <- 0;
  for (k in 1 : K) 
    gamma[1, k] <- 0;
  for (j in 1 : (J - 1)) 
    for (k in 1 : (K - 1)) 
      gamma[j + 1, k + 1] <- gamma0[j, k];
}
model {
  for (k in 2 : K) {
    alpha[k] ~ normal(0, 320);
    for (i in 2 : I) 
      beta[i, k] ~ normal(0, 320);
    for (j in 2 : J) 
      gamma[j, k] ~ normal(0, 320);
  }
  for (i in 1 : I) 
    for (j in 1 : J) {
      lambda[i, j] ~ normal(0, 320);
      X[i, j] ~ poisson_log(lambda[i, j] + alpha + beta[i] + gamma[j]);
    }
}
generated quantities {
  matrix[I, K] b;
  matrix[J, K] g;
  for (k in 1 : K) {
    for (i in 1 : I) 
      b[i, k] <- beta[i, k];
    for (j in 1 : J) 
      g[j, k] <- gamma[j, k];
  }
  for (k in 1 : K) {
    real mean_beta_k;
    mean_beta_k <- mean(col(b, k));
    for (i in 1 : I) {
      b[i, k] <- beta[i, k] - mean_beta_k;
    }
  }
  for (k in 1 : K) {
    real mean_gamma_k;
    mean_gamma_k <- mean(col(g, k));
    for (j in 1 : J) {
      g[j, k] <- gamma[j, k] - mean_gamma_k;
    }
  }
}

Warning in 'alli2.stan', line 1, column 0: Comments beginning with # are deprecated. Please use // in place of # for line comments.
Warning in 'alli2.stan', line 2, column 0: Comments beginning with # are deprecated. Please use // in place of # for line comments.
Warning in 'alli2.stan', line 4, column 0: Comments beginning with # are deprecated. Please use // in place of # for line comments.
Warning in 'alli2.stan', line 25, column 11: assignment operator <- is deprecated in the Stan language; use = instead.
Warning in 'alli2.stan', line 27, column 15: assignment operator <- is deprecated in the Stan language; use = instead.
Warning in 'alli2.stan', line 30, column 14: assignment operator <- is deprecated in the Stan language; use = instead.
Warning in 'alli2.stan', line 32, column 14: assignment operator <- is deprecated in the Stan language; use = instead.
Warning in 'alli2.stan', line 36, column 20: assignment operator <- is deprecated in the Stan language; use = instead.
Warning in 'alli2.stan', line 39, column 15: assignment operator <- is deprecated in the Stan language; use = instead.
Warning in 'alli2.stan', line 41, column 15: assignment operator <- is deprecated in the Stan language; use = instead.
Warning in 'alli2.stan', line 45, column 21: assignment operator <- is deprecated in the Stan language; use = instead.
Warning in 'alli2.stan', line 58, column 2: Comments beginning with # are deprecated. Please use // in place of # for line comments.
Warning in 'alli2.stan', line 70, column 26: assignment operator <- is deprecated in the Stan language; use = instead.
Warning in 'alli2.stan', line 71, column 26: assignment operator <- is deprecated in the Stan language; use = instead.
Warning in 'alli2.stan', line 76, column 16: assignment operator <- is deprecated in the Stan language; use = instead.
Warning in 'alli2.stan', line 78, column 13: assignment operator <- is deprecated in the Stan language; use = instead.
Warning in 'alli2.stan', line 84, column 17: assignment operator <- is deprecated in the Stan language; use = instead.
Warning in 'alli2.stan', line 86, column 13: assignment operator <- is deprecated in the Stan language; use = instead.
