  $ ../../../../../../../install/default/bin/stanc --auto-format stacks_a_normal.stan
data {
  int<lower=0> N;
  int<lower=0> p;
  array[N] real Y;
  matrix[N, p] x;
}
transformed data {
  matrix[N, p] z;
  row_vector[p] mean_x;
  array[p] real sd_x;
  for (j in 1 : p) {
    mean_x[j] <- mean(col(x, j));
    sd_x[j] <- sd(col(x, j));
    for (i in 1 : N) 
      z[i, j] <- (x[i, j] - mean_x[j]) / sd_x[j];
  }
}
parameters {
  real beta0;
  vector[p] beta;
  real<lower=0> sigmasq;
}
transformed parameters {
  real<lower=0> sigma;
  vector[N] mu;
  sigma <- sqrt(sigmasq);
  mu <- beta0 + z * beta;
}
model {
  beta0 ~ normal(0, 316);
  beta ~ normal(0, 316);
  sigmasq ~ inv_gamma(.001, .001);
  Y ~ normal(mu, sigma);
}
generated quantities {
  real b0;
  vector[p] b;
  real outlier_3;
  real outlier_4;
  real outlier_21;
  for (j in 1 : p) 
    b[j] <- beta[j] / sd_x[j];
  b0 <- beta0 - mean_x * b;
  outlier_3 <- step(fabs((Y[3] - mu[3]) / sigma) - 2.5);
  outlier_4 <- step(fabs((Y[4] - mu[4]) / sigma) - 2.5);
  outlier_21 <- step(fabs((Y[21] - mu[21]) / sigma) - 2.5);
}

Warning in 'stacks_a_normal.stan', line 1, column 0: Comments beginning with # are deprecated. Please use // in place of # for line comments.
Warning in 'stacks_a_normal.stan', line 2, column 0: Comments beginning with # are deprecated. Please use // in place of # for line comments.
Warning in 'stacks_a_normal.stan', line 3, column 0: Comments beginning with # are deprecated. Please use // in place of # for line comments.
Warning in 'stacks_a_normal.stan', line 18, column 14: assignment operator <- is deprecated in the Stan language; use = instead.
Warning in 'stacks_a_normal.stan', line 19, column 12: assignment operator <- is deprecated in the Stan language; use = instead.
Warning in 'stacks_a_normal.stan', line 21, column 13: assignment operator <- is deprecated in the Stan language; use = instead.
Warning in 'stacks_a_normal.stan', line 34, column 8: assignment operator <- is deprecated in the Stan language; use = instead.
Warning in 'stacks_a_normal.stan', line 35, column 5: assignment operator <- is deprecated in the Stan language; use = instead.
Warning in 'stacks_a_normal.stan', line 53, column 9: assignment operator <- is deprecated in the Stan language; use = instead.
Warning in 'stacks_a_normal.stan', line 54, column 5: assignment operator <- is deprecated in the Stan language; use = instead.
Warning in 'stacks_a_normal.stan', line 56, column 13: assignment operator <- is deprecated in the Stan language; use = instead.
Warning in 'stacks_a_normal.stan', line 57, column 13: assignment operator <- is deprecated in the Stan language; use = instead.
Warning in 'stacks_a_normal.stan', line 58, column 13: assignment operator <- is deprecated in the Stan language; use = instead.
  $ ../../../../../../../install/default/bin/stanc --auto-format stacks_b_dexp.stan
data {
  int<lower=0> N;
  int<lower=0> p;
  array[N] real Y;
  matrix[N, p] x;
}
transformed data {
  matrix[N, p] z;
  row_vector[p] mean_x;
  array[p] real sd_x;
  for (j in 1 : p) {
    mean_x[j] <- mean(col(x, j));
    sd_x[j] <- sd(col(x, j));
    for (i in 1 : N) 
      z[i, j] <- (x[i, j] - mean_x[j]) / sd_x[j];
  }
}
parameters {
  real beta0;
  vector[p] beta;
  real<lower=0> sigmasq;
}
transformed parameters {
  real<lower=0> sigma;
  vector[N] mu;
  sigma <- sqrt(2) * sigmasq;
  mu <- beta0 + z * beta;
}
model {
  beta0 ~ normal(0, 316);
  beta ~ normal(0, 316);
  sigmasq ~ inv_gamma(.001, .001);
  Y ~ double_exponential(mu, sigmasq);
}
generated quantities {
  real b0;
  vector[p] b;
  real outlier_1;
  real outlier_3;
  real outlier_4;
  real outlier_21;
  for (j in 1 : p) 
    b[j] <- beta[j] / sd_x[j];
  b0 <- beta0 - mean_x * b;
  outlier_1 <- step(fabs((Y[1] - mu[1]) / sigma) - 2.5);
  outlier_3 <- step(fabs((Y[3] - mu[3]) / sigma) - 2.5);
  outlier_4 <- step(fabs((Y[4] - mu[4]) / sigma) - 2.5);
  outlier_21 <- step(fabs((Y[21] - mu[21]) / sigma) - 2.5);
}

Warning in 'stacks_b_dexp.stan', line 1, column 0: Comments beginning with # are deprecated. Please use // in place of # for line comments.
Warning in 'stacks_b_dexp.stan', line 2, column 0: Comments beginning with # are deprecated. Please use // in place of # for line comments.
Warning in 'stacks_b_dexp.stan', line 3, column 0: Comments beginning with # are deprecated. Please use // in place of # for line comments.
Warning in 'stacks_b_dexp.stan', line 18, column 14: assignment operator <- is deprecated in the Stan language; use = instead.
Warning in 'stacks_b_dexp.stan', line 19, column 12: assignment operator <- is deprecated in the Stan language; use = instead.
Warning in 'stacks_b_dexp.stan', line 21, column 13: assignment operator <- is deprecated in the Stan language; use = instead.
Warning in 'stacks_b_dexp.stan', line 35, column 8: assignment operator <- is deprecated in the Stan language; use = instead.
Warning in 'stacks_b_dexp.stan', line 36, column 5: assignment operator <- is deprecated in the Stan language; use = instead.
Warning in 'stacks_b_dexp.stan', line 55, column 9: assignment operator <- is deprecated in the Stan language; use = instead.
Warning in 'stacks_b_dexp.stan', line 56, column 5: assignment operator <- is deprecated in the Stan language; use = instead.
Warning in 'stacks_b_dexp.stan', line 58, column 13: assignment operator <- is deprecated in the Stan language; use = instead.
Warning in 'stacks_b_dexp.stan', line 59, column 13: assignment operator <- is deprecated in the Stan language; use = instead.
Warning in 'stacks_b_dexp.stan', line 60, column 13: assignment operator <- is deprecated in the Stan language; use = instead.
Warning in 'stacks_b_dexp.stan', line 61, column 13: assignment operator <- is deprecated in the Stan language; use = instead.
  $ ../../../../../../../install/default/bin/stanc --auto-format stacks_c_t4.stan
data {
  int<lower=0> N;
  int<lower=0> p;
  array[N] real Y;
  matrix[N, p] x;
}
transformed data {
  matrix[N, p] z;
  row_vector[p] mean_x;
  array[p] real sd_x;
  real d;
  for (j in 1 : p) {
    mean_x[j] <- mean(col(x, j));
    sd_x[j] <- sd(col(x, j));
    for (i in 1 : N) 
      z[i, j] <- (x[i, j] - mean_x[j]) / sd_x[j];
  }
  d <- 4;
}
parameters {
  real beta0;
  vector[p] beta;
  real<lower=0> sigmasq;
}
transformed parameters {
  real<lower=0> sigma;
  vector[N] mu;
  sigma <- sqrt(d * sigmasq / (d - 2));
  mu <- beta0 + z * beta;
}
model {
  beta0 ~ normal(0, 316);
  beta ~ normal(0, 316);
  sigmasq ~ inv_gamma(.001, .001);
  Y ~ student_t(d, mu, sqrt(sigmasq));
}
generated quantities {
  real b0;
  vector[p] b;
  real outlier_3;
  real outlier_4;
  real outlier_21;
  for (j in 1 : p) 
    b[j] <- beta[j] / sd_x[j];
  b0 <- beta0 - mean_x * b;
  outlier_3 <- step(fabs((Y[3] - mu[3]) / sigma) - 2.5);
  outlier_4 <- step(fabs((Y[4] - mu[4]) / sigma) - 2.5);
  outlier_21 <- step(fabs((Y[21] - mu[21]) / sigma) - 2.5);
}

Warning in 'stacks_c_t4.stan', line 1, column 0: Comments beginning with # are deprecated. Please use // in place of # for line comments.
Warning in 'stacks_c_t4.stan', line 2, column 0: Comments beginning with # are deprecated. Please use // in place of # for line comments.
Warning in 'stacks_c_t4.stan', line 3, column 0: Comments beginning with # are deprecated. Please use // in place of # for line comments.
Warning in 'stacks_c_t4.stan', line 20, column 14: assignment operator <- is deprecated in the Stan language; use = instead.
Warning in 'stacks_c_t4.stan', line 21, column 12: assignment operator <- is deprecated in the Stan language; use = instead.
Warning in 'stacks_c_t4.stan', line 23, column 13: assignment operator <- is deprecated in the Stan language; use = instead.
Warning in 'stacks_c_t4.stan', line 25, column 4: assignment operator <- is deprecated in the Stan language; use = instead.
Warning in 'stacks_c_t4.stan', line 38, column 8: assignment operator <- is deprecated in the Stan language; use = instead.
Warning in 'stacks_c_t4.stan', line 39, column 5: assignment operator <- is deprecated in the Stan language; use = instead.
Warning in 'stacks_c_t4.stan', line 57, column 9: assignment operator <- is deprecated in the Stan language; use = instead.
Warning in 'stacks_c_t4.stan', line 58, column 5: assignment operator <- is deprecated in the Stan language; use = instead.
Warning in 'stacks_c_t4.stan', line 60, column 13: assignment operator <- is deprecated in the Stan language; use = instead.
Warning in 'stacks_c_t4.stan', line 61, column 13: assignment operator <- is deprecated in the Stan language; use = instead.
Warning in 'stacks_c_t4.stan', line 62, column 13: assignment operator <- is deprecated in the Stan language; use = instead.
  $ ../../../../../../../install/default/bin/stanc --auto-format stacks_d_normal_ridge.stan
data {
  int<lower=0> N;
  int<lower=0> p;
  array[N] real Y;
  matrix[N, p] x;
}
transformed data {
  matrix[N, p] z;
  row_vector[p] mean_x;
  array[p] real sd_x;
  for (j in 1 : p) {
    mean_x[j] <- mean(col(x, j));
    sd_x[j] <- sd(col(x, j));
    for (i in 1 : N) 
      z[i, j] <- (x[i, j] - mean_x[j]) / sd_x[j];
  }
}
parameters {
  real beta0;
  vector[p] beta;
  real<lower=0> sigmasq;
  real<lower=0> phi;
}
transformed parameters {
  real<lower=0> sigma;
  vector[N] mu;
  sigma <- sqrt(sigmasq);
  mu <- beta0 + z * beta;
}
model {
  beta0 ~ normal(0, 316);
  phi ~ gamma(0.01, 0.01);
  beta ~ normal(0, sqrt(phi));
  sigmasq ~ inv_gamma(.001, .001);
  Y ~ normal(mu, sigma);
}
generated quantities {
  real b0;
  vector[p] b;
  real outlier_3;
  real outlier_4;
  real outlier_21;
  for (j in 1 : p) 
    b[j] <- beta[j] / sd_x[j];
  b0 <- beta0 - mean_x * b;
  outlier_3 <- step(fabs((Y[3] - mu[3]) / sigma) - 2.5);
  outlier_4 <- step(fabs((Y[4] - mu[4]) / sigma) - 2.5);
  outlier_21 <- step(fabs((Y[21] - mu[21]) / sigma) - 2.5);
}

Warning in 'stacks_d_normal_ridge.stan', line 1, column 0: Comments beginning with # are deprecated. Please use // in place of # for line comments.
Warning in 'stacks_d_normal_ridge.stan', line 2, column 0: Comments beginning with # are deprecated. Please use // in place of # for line comments.
Warning in 'stacks_d_normal_ridge.stan', line 3, column 0: Comments beginning with # are deprecated. Please use // in place of # for line comments.
Warning in 'stacks_d_normal_ridge.stan', line 18, column 14: assignment operator <- is deprecated in the Stan language; use = instead.
Warning in 'stacks_d_normal_ridge.stan', line 19, column 12: assignment operator <- is deprecated in the Stan language; use = instead.
Warning in 'stacks_d_normal_ridge.stan', line 21, column 13: assignment operator <- is deprecated in the Stan language; use = instead.
Warning in 'stacks_d_normal_ridge.stan', line 36, column 8: assignment operator <- is deprecated in the Stan language; use = instead.
Warning in 'stacks_d_normal_ridge.stan', line 37, column 5: assignment operator <- is deprecated in the Stan language; use = instead.
Warning in 'stacks_d_normal_ridge.stan', line 56, column 9: assignment operator <- is deprecated in the Stan language; use = instead.
Warning in 'stacks_d_normal_ridge.stan', line 57, column 5: assignment operator <- is deprecated in the Stan language; use = instead.
Warning in 'stacks_d_normal_ridge.stan', line 59, column 13: assignment operator <- is deprecated in the Stan language; use = instead.
Warning in 'stacks_d_normal_ridge.stan', line 60, column 13: assignment operator <- is deprecated in the Stan language; use = instead.
Warning in 'stacks_d_normal_ridge.stan', line 61, column 13: assignment operator <- is deprecated in the Stan language; use = instead.
  $ ../../../../../../../install/default/bin/stanc --auto-format stacks_e_dexp_ridge.stan
data {
  int<lower=0> N;
  int<lower=0> p;
  array[N] real Y;
  matrix[N, p] x;
}
transformed data {
  array[N, p] real z;
  array[p] real mean_x;
  array[p] real sd_x;
  for (j in 1 : p) {
    mean_x[j] <- mean(col(x, j));
    sd_x[j] <- sd(col(x, j));
    for (i in 1 : N) 
      z[i, j] <- (x[i, j] - mean_x[j]) / sd_x[j];
  }
}
parameters {
  real beta0;
  array[p] real beta;
  real<lower=0> sigmasq;
  real<lower=0> phi;
}
transformed parameters {
  real<lower=0> sigma;
  array[N] real mu;
  sigma <- sqrt(2) * sigmasq;
  for (n in 1 : N) 
    mu[n] <- beta0 + beta[1] * z[n, 1] + beta[2] * z[n, 2]
             + beta[3] * z[n, 3];
}
model {
  beta0 ~ normal(0, 316);
  phi ~ gamma(0.01, 0.01);
  beta ~ normal(0, sqrt(phi));
  sigmasq ~ inv_gamma(.001, .001);
  for (n in 1 : N) 
    Y[n] ~ double_exponential(mu[n], sigmasq);
}
generated quantities {
  real b0;
  array[p] real b;
  real outlier_1;
  real outlier_3;
  real outlier_4;
  real outlier_21;
  for (j in 1 : p) 
    b[j] <- beta[j] / sd_x[j];
  b0 <- beta0 - b[1] * mean_x[1] - b[2] * mean_x[2] - b[3] * mean_x[3];
  outlier_1 <- step(fabs((Y[1] - mu[1]) / sigma) - 2.5);
  outlier_3 <- step(fabs((Y[3] - mu[3]) / sigma) - 2.5);
  outlier_4 <- step(fabs((Y[4] - mu[4]) / sigma) - 2.5);
  outlier_21 <- step(fabs((Y[21] - mu[21]) / sigma) - 2.5);
}

Warning in 'stacks_e_dexp_ridge.stan', line 1, column 0: Comments beginning with # are deprecated. Please use // in place of # for line comments.
Warning in 'stacks_e_dexp_ridge.stan', line 2, column 0: Comments beginning with # are deprecated. Please use // in place of # for line comments.
Warning in 'stacks_e_dexp_ridge.stan', line 3, column 0: Comments beginning with # are deprecated. Please use // in place of # for line comments.
Warning in 'stacks_e_dexp_ridge.stan', line 18, column 14: assignment operator <- is deprecated in the Stan language; use = instead.
Warning in 'stacks_e_dexp_ridge.stan', line 19, column 12: assignment operator <- is deprecated in the Stan language; use = instead.
Warning in 'stacks_e_dexp_ridge.stan', line 21, column 13: assignment operator <- is deprecated in the Stan language; use = instead.
Warning in 'stacks_e_dexp_ridge.stan', line 36, column 8: assignment operator <- is deprecated in the Stan language; use = instead.
Warning in 'stacks_e_dexp_ridge.stan', line 38, column 10: assignment operator <- is deprecated in the Stan language; use = instead.
Warning in 'stacks_e_dexp_ridge.stan', line 59, column 9: assignment operator <- is deprecated in the Stan language; use = instead.
Warning in 'stacks_e_dexp_ridge.stan', line 60, column 5: assignment operator <- is deprecated in the Stan language; use = instead.
Warning in 'stacks_e_dexp_ridge.stan', line 62, column 13: assignment operator <- is deprecated in the Stan language; use = instead.
Warning in 'stacks_e_dexp_ridge.stan', line 63, column 13: assignment operator <- is deprecated in the Stan language; use = instead.
Warning in 'stacks_e_dexp_ridge.stan', line 64, column 13: assignment operator <- is deprecated in the Stan language; use = instead.
Warning in 'stacks_e_dexp_ridge.stan', line 65, column 13: assignment operator <- is deprecated in the Stan language; use = instead.
  $ ../../../../../../../install/default/bin/stanc --auto-format stacks_f_t4_ridge.stan
data {
  int<lower=0> N;
  int<lower=0> p;
  array[N] real Y;
  matrix[N, p] x;
}
transformed data {
  matrix[N, p] z;
  row_vector[p] mean_x;
  array[p] real sd_x;
  real d;
  for (j in 1 : p) {
    mean_x[j] <- mean(col(x, j));
    sd_x[j] <- sd(col(x, j));
    for (i in 1 : N) 
      z[i, j] <- (x[i, j] - mean_x[j]) / sd_x[j];
  }
  d <- 4;
}
parameters {
  real beta0;
  vector[p] beta;
  real<lower=0> sigmasq;
  real<lower=0> phi;
}
transformed parameters {
  real<lower=0> sigma;
  vector[N] mu;
  sigma <- sqrt(d * sigmasq / (d - 2));
  mu <- beta0 + z * beta;
}
model {
  beta0 ~ normal(0, 316);
  phi ~ gamma(0.01, 0.01);
  beta ~ normal(0, sqrt(phi));
  sigmasq ~ inv_gamma(.001, .001);
  Y ~ student_t(d, mu, sqrt(sigmasq));
}
generated quantities {
  real b0;
  vector[p] b;
  real outlier_1;
  real outlier_3;
  real outlier_4;
  real outlier_21;
  for (j in 1 : p) 
    b[j] <- beta[j] / sd_x[j];
  b0 <- beta0 - mean_x * b;
  outlier_1 <- step(fabs((Y[3] - mu[3]) / sigma) - 2.5);
  outlier_3 <- step(fabs((Y[3] - mu[3]) / sigma) - 2.5);
  outlier_4 <- step(fabs((Y[4] - mu[4]) / sigma) - 2.5);
  outlier_21 <- step(fabs((Y[21] - mu[21]) / sigma) - 2.5);
}

Warning in 'stacks_f_t4_ridge.stan', line 1, column 0: Comments beginning with # are deprecated. Please use // in place of # for line comments.
Warning in 'stacks_f_t4_ridge.stan', line 2, column 0: Comments beginning with # are deprecated. Please use // in place of # for line comments.
Warning in 'stacks_f_t4_ridge.stan', line 3, column 0: Comments beginning with # are deprecated. Please use // in place of # for line comments.
Warning in 'stacks_f_t4_ridge.stan', line 20, column 14: assignment operator <- is deprecated in the Stan language; use = instead.
Warning in 'stacks_f_t4_ridge.stan', line 21, column 12: assignment operator <- is deprecated in the Stan language; use = instead.
Warning in 'stacks_f_t4_ridge.stan', line 23, column 13: assignment operator <- is deprecated in the Stan language; use = instead.
Warning in 'stacks_f_t4_ridge.stan', line 25, column 4: assignment operator <- is deprecated in the Stan language; use = instead.
Warning in 'stacks_f_t4_ridge.stan', line 39, column 8: assignment operator <- is deprecated in the Stan language; use = instead.
Warning in 'stacks_f_t4_ridge.stan', line 40, column 5: assignment operator <- is deprecated in the Stan language; use = instead.
Warning in 'stacks_f_t4_ridge.stan', line 60, column 9: assignment operator <- is deprecated in the Stan language; use = instead.
Warning in 'stacks_f_t4_ridge.stan', line 61, column 5: assignment operator <- is deprecated in the Stan language; use = instead.
Warning in 'stacks_f_t4_ridge.stan', line 63, column 13: assignment operator <- is deprecated in the Stan language; use = instead.
Warning in 'stacks_f_t4_ridge.stan', line 64, column 13: assignment operator <- is deprecated in the Stan language; use = instead.
Warning in 'stacks_f_t4_ridge.stan', line 65, column 13: assignment operator <- is deprecated in the Stan language; use = instead.
Warning in 'stacks_f_t4_ridge.stan', line 66, column 13: assignment operator <- is deprecated in the Stan language; use = instead.
