  $ ../../../../../../../install/default/bin/stanc --auto-format schools-1.stan
data {
  int<lower=0> N;
  int<lower=0> M;
  vector[N] LRT;
  array[N] int school;
  array[N, 3] int School_denom;
  array[N, 2] int School_gender;
  array[N, 2] int VR;
  array[N] real Y;
  array[N] int Gender;
  cov_matrix[3] R;
}
parameters {
  array[8] real beta;
  real<lower=0> theta;
  real phi;
  array[M] vector[3] alpha;
  vector[3] gamma;
  cov_matrix[3] Omega;
}
model {
  array[N] real Ymu;
  for (p in 1 : N) 
    Ymu[p] <- alpha[school[p], 1] + alpha[school[p], 2] * LRT[p]
              + alpha[school[p], 3] * VR[p, 1] + beta[1] * LRT[p] * LRT[p]
              + beta[2] * VR[p, 2] + beta[3] * Gender[p]
              + beta[4] * School_gender[p, 1] + beta[5] * School_gender[p, 2]
              + beta[6] * School_denom[p, 1] + beta[7] * School_denom[p, 2]
              + beta[8] * School_denom[p, 3];
  Y ~ normal(Ymu, exp(-0.5 * (theta + phi * LRT)));
  beta ~ normal(0, 5);
  theta ~ normal(0, 5);
  phi ~ normal(0, 5);
  alpha ~ multi_normal_prec(gamma, Omega);
  gamma ~ normal(0, 5);
  Omega ~ wishart(3, R);
}

Warning in 'schools-1.stan', line 28, column 11: assignment operator <- is deprecated in the Stan language; use = instead.
Warning in 'schools-1.stan', line 42, column 2: Comments beginning with # are deprecated. Please use // in place of # for line comments.
Warning in 'schools-1.stan', line 47, column 2: Comments beginning with # are deprecated. Please use // in place of # for line comments.
Warning in 'schools-1.stan', line 50, column 2: Comments beginning with # are deprecated. Please use // in place of # for line comments.
  $ ../../../../../../../install/default/bin/stanc --auto-format schools-2.stan
data {
  int<lower=0> N;
  int<lower=0> M;
  vector[N] LRT;
  array[N] int school;
  array[N, 3] int School_denom;
  array[N, 2] int School_gender;
  array[N, 2] int VR;
  array[N] real Y;
  array[N] int Gender;
  cov_matrix[3] R;
}
parameters {
  array[8] real beta;
  real theta;
  real phi;
  array[M] vector[3] alpha;
  vector[3] gamma;
  cholesky_factor_corr[3] L_Sigma;
  vector<lower=0>[3] sigma_Sigma;
}
model {
  array[N] real Ymu;
  for (p in 1 : N) 
    Ymu[p] <- alpha[school[p], 1] + alpha[school[p], 2] * LRT[p]
              + alpha[school[p], 3] * VR[p, 1] + beta[1] * LRT[p] * LRT[p]
              + beta[2] * VR[p, 2] + beta[3] * Gender[p]
              + beta[4] * School_gender[p, 1] + beta[5] * School_gender[p, 2]
              + beta[6] * School_denom[p, 1] + beta[7] * School_denom[p, 2]
              + beta[8] * School_denom[p, 3];
  Y ~ normal(Ymu, exp(-0.5 * (theta + phi * LRT)));
  beta ~ normal(0, 2.5);
  theta ~ normal(0, 2.5);
  phi ~ normal(0, 0.1);
  alpha ~ multi_normal_cholesky(gamma,
                                diag_pre_multiply(sigma_Sigma, L_Sigma));
  gamma ~ normal(0, 5);
  sigma_Sigma ~ cauchy(0, 2.5);
  L_Sigma ~ lkj_corr_cholesky(3);
}

Warning in 'schools-2.stan', line 29, column 11: assignment operator <- is deprecated in the Stan language; use = instead.
Warning in 'schools-2.stan', line 43, column 2: Comments beginning with # are deprecated. Please use // in place of # for line comments.
Warning in 'schools-2.stan', line 48, column 2: Comments beginning with # are deprecated. Please use // in place of # for line comments.
Warning in 'schools-2.stan', line 51, column 2: Comments beginning with # are deprecated. Please use // in place of # for line comments.
  $ ../../../../../../../install/default/bin/stanc --auto-format schools-3.stan
data {
  int<lower=0> N;
  int<lower=0> M;
  vector[N] LRT;
  array[N] int school;
  array[N, 3] int School_denom;
  array[N, 2] int School_gender;
  array[N, 2] int VR;
  array[N] real Y;
  array[N] int Gender;
  cov_matrix[3] R;
}
parameters {
  array[8] real beta;
  real theta;
  real phi;
  matrix[M, 3] alpha;
  vector[3] gamma;
}
model {
  array[N] real Ymu;
  for (p in 1 : N) 
    Ymu[p] <- alpha[school[p], 1] + alpha[school[p], 2] * LRT[p]
              + alpha[school[p], 3] * VR[p, 1] + beta[1] * LRT[p] * LRT[p]
              + beta[2] * VR[p, 2] + beta[3] * Gender[p]
              + beta[4] * School_gender[p, 1] + beta[5] * School_gender[p, 2]
              + beta[6] * School_denom[p, 1] + beta[7] * School_denom[p, 2]
              + beta[8] * School_denom[p, 3];
  Y ~ normal(Ymu, exp(-0.5 * (theta + phi * LRT)));
  beta ~ normal(0, 5);
  theta ~ normal(0, 5);
  phi ~ normal(0, 5);
  increment_log_prob(-0.5 * (3 + M)
                     * log_determinant(crossprod(alpha) - gamma * gamma' + R));
  gamma ~ normal(0, 5);
}

Warning in 'schools-3.stan', line 27, column 11: assignment operator <- is deprecated in the Stan language; use = instead.
Warning in 'schools-3.stan', line 41, column 2: Comments beginning with # are deprecated. Please use // in place of # for line comments.
Warning in 'schools-3.stan', line 46, column 2: Comments beginning with # are deprecated. Please use // in place of # for line comments.
Warning in 'schools-3.stan', line 47, column 2: increment_log_prob(...); is deprecated and will be removed in the future. Use target += ...; instead.
Warning in 'schools-3.stan', line 49, column 2: Comments beginning with # are deprecated. Please use // in place of # for line comments.
  $ ../../../../../../../install/default/bin/stanc --auto-format schools-4.stan
data {
  int<lower=0> N;
  int<lower=0> M;
  vector[N] LRT;
  array[N] int school;
  array[N, 3] int School_denom;
  array[N, 2] int School_gender;
  array[N, 2] int VR;
  array[N] real Y;
  array[N] int Gender;
}
parameters {
  array[8] real beta;
  real theta;
  real phi;
  matrix[3, M] z;
  vector[3] gamma;
  cholesky_factor_corr[3] L_Sigma;
  vector<lower=0>[3] sigma_Sigma;
}
transformed parameters {
  matrix[M, 3] alpha;
  alpha <- transpose(rep_matrix(gamma, M)
                     + diag_pre_multiply(sigma_Sigma, L_Sigma) * z);
}
model {
  array[N] real Ymu;
  for (p in 1 : N) 
    Ymu[p] <- alpha[school[p], 1] + alpha[school[p], 2] * LRT[p]
              + alpha[school[p], 3] * VR[p, 1] + beta[1] * LRT[p] * LRT[p]
              + beta[2] * VR[p, 2] + beta[3] * Gender[p]
              + beta[4] * School_gender[p, 1] + beta[5] * School_gender[p, 2]
              + beta[6] * School_denom[p, 1] + beta[7] * School_denom[p, 2]
              + beta[8] * School_denom[p, 3];
  Y ~ normal(Ymu, exp(-0.5 * (theta + phi * LRT)));
  beta ~ normal(0, 2.5);
  theta ~ normal(0, 2.5);
  phi ~ normal(0, 0.1);
  to_vector(z) ~ normal(0, 1);
  gamma ~ normal(0, 5);
  sigma_Sigma ~ cauchy(0, 2.5);
  L_Sigma ~ lkj_corr_cholesky(3);
}

Warning in 'schools-4.stan', line 27, column 8: assignment operator <- is deprecated in the Stan language; use = instead.
Warning in 'schools-4.stan', line 32, column 11: assignment operator <- is deprecated in the Stan language; use = instead.
Warning in 'schools-4.stan', line 46, column 2: Comments beginning with # are deprecated. Please use // in place of # for line comments.
Warning in 'schools-4.stan', line 51, column 2: Comments beginning with # are deprecated. Please use // in place of # for line comments.
Warning in 'schools-4.stan', line 55, column 2: Comments beginning with # are deprecated. Please use // in place of # for line comments.
  $ ../../../../../../../install/default/bin/stanc --auto-format schools.stan
data {
  int<lower=0> N;
  int<lower=0> M;
  vector[N] LRT;
  array[N] int school;
  array[N, 3] int School_denom;
  array[N, 2] int School_gender;
  array[N, 2] int VR;
  array[N] real Y;
  array[N] int Gender;
  cov_matrix[3] R;
}
transformed data {
  vector[3] gamma_mu;
  cov_matrix[3] gamma_Sigma;
  cov_matrix[3] invR;
  invR <- inverse(R);
  gamma_mu[1] <- 0;
  gamma_mu[2] <- 0;
  gamma_mu[3] <- 0;
  for (i in 1 : 3) 
    for (j in 1 : 3) 
      gamma_Sigma[i, j] <- 0;
  for (i in 1 : 3) 
    gamma_Sigma[i, i] <- 100;
}
parameters {
  array[8] real beta;
  array[M] vector[3] alpha;
  vector[3] gamma;
  cov_matrix[3] Sigma;
  real theta;
  real phi;
}
model {
  array[N] real Ymu;
  for (p in 1 : N) {
    Ymu[p] <- alpha[school[p], 1] + alpha[school[p], 2] * LRT[p]
              + alpha[school[p], 3] * VR[p, 1] + beta[1] * LRT[p] * LRT[p]
              + beta[2] * VR[p, 2] + beta[3] * Gender[p]
              + beta[4] * School_gender[p, 1] + beta[5] * School_gender[p, 2]
              + beta[6] * School_denom[p, 1] + beta[7] * School_denom[p, 2]
              + beta[8] * School_denom[p, 3];
  }
  Y ~ normal(Ymu, exp(-.5 * (theta + phi * LRT)));
  beta ~ normal(0, 100);
  theta ~ normal(0.0, 100);
  phi ~ normal(0.0, 100);
  for (m in 1 : M) 
    alpha[m] ~ multi_normal(gamma, Sigma);
  gamma ~ multi_normal(gamma_mu, gamma_Sigma);
  Sigma ~ inv_wishart(3, invR);
}
generated quantities {
  array[M] real ranks;
  for (j in 1 : M) {
    array[M] real greater_than;
    for (k in 1 : M) 
      greater_than[k] <- step(alpha[k, 1] - alpha[j, 1]);
    ranks[j] <- sum(greater_than);
  }
}

Warning in 'schools.stan', line 2, column 0: Comments beginning with # are deprecated. Please use // in place of # for line comments.
Warning in 'schools.stan', line 3, column 0: Comments beginning with # are deprecated. Please use // in place of # for line comments.
Warning in 'schools.stan', line 4, column 0: Comments beginning with # are deprecated. Please use // in place of # for line comments.
Warning in 'schools.stan', line 23, column 7: assignment operator <- is deprecated in the Stan language; use = instead.
Warning in 'schools.stan', line 24, column 14: assignment operator <- is deprecated in the Stan language; use = instead.
Warning in 'schools.stan', line 25, column 14: assignment operator <- is deprecated in the Stan language; use = instead.
Warning in 'schools.stan', line 26, column 14: assignment operator <- is deprecated in the Stan language; use = instead.
Warning in 'schools.stan', line 27, column 50: assignment operator <- is deprecated in the Stan language; use = instead.
Warning in 'schools.stan', line 28, column 35: assignment operator <- is deprecated in the Stan language; use = instead.
Warning in 'schools.stan', line 43, column 11: assignment operator <- is deprecated in the Stan language; use = instead.
Warning in 'schools.stan', line 57, column 2: Comments beginning with # are deprecated. Please use // in place of # for line comments.
Warning in 'schools.stan', line 63, column 2: Comments beginning with # are deprecated. Please use // in place of # for line comments.
Warning in 'schools.stan', line 65, column 2: Comments beginning with # are deprecated. Please use // in place of # for line comments.
Warning in 'schools.stan', line 71, column 2: Comments beginning with # are deprecated. Please use // in place of # for line comments.
Warning in 'schools.stan', line 73, column 2: Comments beginning with # are deprecated. Please use // in place of # for line comments.
Warning in 'schools.stan', line 74, column 2: Comments beginning with # are deprecated. Please use // in place of # for line comments.
Warning in 'schools.stan', line 78, column 22: assignment operator <- is deprecated in the Stan language; use = instead.
Warning in 'schools.stan', line 79, column 13: assignment operator <- is deprecated in the Stan language; use = instead.
