  $ ../../../../../../install/default/bin/stanc --auto-format reg_centered.stan
data {
  int<lower=1> I;
  int<lower=1> J;
  int<lower=1> N;
  array[N] int<lower=1, upper=I> ii;
  array[N] int<lower=1, upper=J> jj;
  array[N] int<lower=0, upper=1> y;
  array[J] real x;
}
parameters {
  vector<lower=0>[I] alpha;
  vector[I] beta;
  vector[J] theta;
  real gamma;
}
model {
  vector[N] eta;
  alpha ~ lognormal(0.5, 1);
  beta ~ normal(0, 10);
  for (j in 1 : J) 
    theta[j] ~ normal(gamma * x[j], 1);
  for (n in 1 : N) 
    eta[n] <- alpha[ii[n]] * (theta[jj[n]] - beta[ii[n]]);
  y ~ bernoulli_logit(eta);
}

Warning in 'reg_centered.stan', line 23, column 11: assignment operator <- is deprecated in the Stan language; use = instead.
  $ ../../../../../../install/default/bin/stanc --auto-format reg_dif.stan
data {
  int<lower=1> I;
  int<lower=1> J;
  int<lower=1> N;
  array[N] int<lower=1, upper=I> ii;
  array[N] int<lower=1, upper=J> jj;
  array[N] int<lower=0, upper=1> y;
  array[J] real x;
  array[N] int<lower=0, upper=1> Ik;
}
parameters {
  vector<lower=0>[I] alpha;
  vector[I] beta;
  real gamma;
  vector[J] epsilon;
  real delta;
}
model {
  vector[N] eta;
  vector[J] theta;
  alpha ~ lognormal(0.5, 1);
  beta ~ normal(0, 10);
  epsilon ~ normal(0, 1);
  for (j in 1 : J) 
    theta[j] <- (gamma * x[j]) + epsilon[j];
  for (n in 1 : N) 
    eta[n] <- alpha[ii[n]]
              * (theta[jj[n]] - (beta[ii[n]] + delta * Ik[n] * x[jj[n]]));
  y ~ bernoulli_logit(eta);
}

Warning in 'reg_dif.stan', line 25, column 13: assignment operator <- is deprecated in the Stan language; use = instead.
Warning in 'reg_dif.stan', line 27, column 11: assignment operator <- is deprecated in the Stan language; use = instead.
  $ ../../../../../../install/default/bin/stanc --auto-format reg_noncentered.stan
data {
  int<lower=1> I;
  int<lower=1> J;
  int<lower=1> N;
  array[N] int<lower=1, upper=I> ii;
  array[N] int<lower=1, upper=J> jj;
  array[N] int<lower=0, upper=1> y;
  array[J] real x;
}
parameters {
  vector<lower=0>[I] alpha;
  vector[I] beta;
  real gamma;
  vector[J] epsilon;
}
model {
  vector[N] eta;
  vector[J] theta;
  alpha ~ lognormal(0.5, 1);
  beta ~ normal(0, 10);
  epsilon ~ normal(0, 1);
  for (j in 1 : J) 
    theta[j] <- (gamma * x[j]) + epsilon[j];
  for (n in 1 : N) 
    eta[n] <- alpha[ii[n]] * (theta[jj[n]] - beta[ii[n]]);
  y ~ bernoulli_logit(eta);
}

Warning in 'reg_noncentered.stan', line 23, column 13: assignment operator <- is deprecated in the Stan language; use = instead.
Warning in 'reg_noncentered.stan', line 25, column 11: assignment operator <- is deprecated in the Stan language; use = instead.
  $ ../../../../../../install/default/bin/stanc --auto-format twopl.stan
data {
  int<lower=1> I;
  int<lower=1> J;
  int<lower=1> N;
  array[N] int<lower=1, upper=I> ii;
  array[N] int<lower=1, upper=J> jj;
  array[N] int<lower=0, upper=1> y;
}
parameters {
  vector<lower=0>[I] alpha;
  vector[I] beta;
  vector[J] theta;
}
model {
  vector[N] eta;
  alpha ~ lognormal(0.5, 1);
  beta ~ normal(0, 10);
  theta ~ normal(0, 1);
  for (n in 1 : N) 
    eta[n] <- alpha[ii[n]] * (theta[jj[n]] - beta[ii[n]]);
  y ~ bernoulli_logit(eta);
}

Warning in 'twopl.stan', line 20, column 11: assignment operator <- is deprecated in the Stan language; use = instead.
