  $ ../../../../../../../install/default/bin/stanc --auto-format hepatitis.stan
data {
  int<lower=0> N1;
  int<lower=0> N;
  array[N1] real Yvec1;
  array[N1] real tvec1;
  array[N1] int<lower=0> idxn1;
  array[N] real y0;
}
transformed data {
  real y0_mean;
  y0_mean <- mean(y0);
}
parameters {
  real<lower=0> sigmasq_y;
  real<lower=0> sigmasq_alpha;
  real<lower=0> sigmasq_beta;
  array[N] real alpha;
  array[N] real beta;
  real gamma;
  real alpha0;
  real beta0;
}
transformed parameters {
  real sigma_y;
  real sigma_alpha;
  real sigma_beta;
  sigma_y <- sqrt(sigmasq_y);
  sigma_alpha <- sqrt(sigmasq_alpha);
  sigma_beta <- sqrt(sigmasq_beta);
}
model {
  int oldn;
  array[N1] real m;
  for (n in 1 : N1) {
    oldn <- idxn1[n];
    m[n] <- alpha[oldn] + beta[oldn] * (tvec1[n] - 6.5)
            + gamma * (y0[oldn] - y0_mean);
  }
  Yvec1 ~ normal(m, sigma_y);
  alpha ~ normal(alpha0, sigma_alpha);
  beta ~ normal(beta0, sigma_beta);
  sigmasq_y ~ inv_gamma(.001, .001);
  sigmasq_alpha ~ inv_gamma(.001, .001);
  sigmasq_beta ~ inv_gamma(.001, .001);
  alpha0 ~ normal(0, 1000);
  beta0 ~ normal(0, 1000);
  gamma ~ normal(0, 1000);
}

Warning in 'hepatitis.stan', line 2, column 0: Comments beginning with # are deprecated. Please use // in place of # for line comments.
Warning in 'hepatitis.stan', line 3, column 0: Comments beginning with # are deprecated. Please use // in place of # for line comments.
Warning in 'hepatitis.stan', line 4, column 0: Comments beginning with # are deprecated. Please use // in place of # for line comments.
Warning in 'hepatitis.stan', line 6, column 0: Comments beginning with # are deprecated. Please use // in place of # for line comments.
Warning in 'hepatitis.stan', line 7, column 0: Comments beginning with # are deprecated. Please use // in place of # for line comments.
Warning in 'hepatitis.stan', line 10, column 0: Comments beginning with # are deprecated. Please use // in place of # for line comments.
Warning in 'hepatitis.stan', line 11, column 0: Comments beginning with # are deprecated. Please use // in place of # for line comments.
Warning in 'hepatitis.stan', line 12, column 0: Comments beginning with # are deprecated. Please use // in place of # for line comments.
Warning in 'hepatitis.stan', line 16, column 32: Comments beginning with # are deprecated. Please use // in place of # for line comments.
Warning in 'hepatitis.stan', line 17, column 32: Comments beginning with # are deprecated. Please use // in place of # for line comments.
Warning in 'hepatitis.stan', line 18, column 25: Comments beginning with # are deprecated. Please use // in place of # for line comments.
Warning in 'hepatitis.stan', line 19, column 25: Comments beginning with # are deprecated. Please use // in place of # for line comments.
Warning in 'hepatitis.stan', line 20, column 32: Comments beginning with # are deprecated. Please use // in place of # for line comments.
Warning in 'hepatitis.stan', line 26, column 10: assignment operator <- is deprecated in the Stan language; use = instead.
Warning in 'hepatitis.stan', line 45, column 10: assignment operator <- is deprecated in the Stan language; use = instead.
Warning in 'hepatitis.stan', line 46, column 14: assignment operator <- is deprecated in the Stan language; use = instead.
Warning in 'hepatitis.stan', line 47, column 13: assignment operator <- is deprecated in the Stan language; use = instead.
Warning in 'hepatitis.stan', line 54, column 9: assignment operator <- is deprecated in the Stan language; use = instead.
Warning in 'hepatitis.stan', line 55, column 9: assignment operator <- is deprecated in the Stan language; use = instead.
  $ ../../../../../../../install/default/bin/stanc --auto-format hepatitisME.stan
data {
  int<lower=0> N1;
  int<lower=0> N;
  array[N1] real Yvec1;
  array[N1] real tvec1;
  array[N1] int<lower=0> idxn1;
  array[N] real y0;
}
transformed data {
  real y0_mean;
  y0_mean <- mean(y0);
}
parameters {
  real<lower=0> sigmasq_y;
  real<lower=0> sigmasq_alpha;
  real<lower=0> sigmasq_beta;
  real<lower=0> sigma_mu0;
  real gamma;
  real alpha0;
  real beta0;
  real theta;
  array[N] real mu0;
  array[N] real alpha;
  array[N] real beta;
}
transformed parameters {
  real<lower=0> sigma_y;
  real<lower=0> sigma_alpha;
  real<lower=0> sigma_beta;
  sigma_y <- sqrt(sigmasq_y);
  sigma_alpha <- sqrt(sigmasq_alpha);
  sigma_beta <- sqrt(sigmasq_beta);
}
model {
  int oldn;
  array[N1] real m;
  for (n in 1 : N1) {
    oldn <- idxn1[n];
    m[n] <- alpha[oldn] + beta[oldn] * (tvec1[n] - 6.5)
            + gamma * (mu0[oldn] - y0_mean);
  }
  Yvec1 ~ normal(m, sigma_y);
  mu0 ~ normal(theta, sigma_mu0);
  for (n in 1 : N) 
    y0[n] ~ normal(mu0[n], sigma_y);
  alpha ~ normal(alpha0, sigma_alpha);
  beta ~ normal(beta0, sigma_beta);
  sigmasq_y ~ inv_gamma(.001, .001);
  sigmasq_alpha ~ inv_gamma(.001, .001);
  sigmasq_beta ~ inv_gamma(.001, .001);
  sigma_mu0 ~ inv_gamma(.001, .001);
  alpha0 ~ normal(0, 1000);
  beta0 ~ normal(0, 1000);
  gamma ~ normal(0, 1000);
  theta ~ normal(0, 1000);
}

Warning in 'hepatitisME.stan', line 2, column 0: Comments beginning with # are deprecated. Please use // in place of # for line comments.
Warning in 'hepatitisME.stan', line 3, column 0: Comments beginning with # are deprecated. Please use // in place of # for line comments.
Warning in 'hepatitisME.stan', line 4, column 0: Comments beginning with # are deprecated. Please use // in place of # for line comments.
Warning in 'hepatitisME.stan', line 6, column 0: Comments beginning with # are deprecated. Please use // in place of # for line comments.
Warning in 'hepatitisME.stan', line 9, column 0: Comments beginning with # are deprecated. Please use // in place of # for line comments.
Warning in 'hepatitisME.stan', line 10, column 0: Comments beginning with # are deprecated. Please use // in place of # for line comments.
Warning in 'hepatitisME.stan', line 11, column 0: Comments beginning with # are deprecated. Please use // in place of # for line comments.
Warning in 'hepatitisME.stan', line 15, column 32: Comments beginning with # are deprecated. Please use // in place of # for line comments.
Warning in 'hepatitisME.stan', line 16, column 32: Comments beginning with # are deprecated. Please use // in place of # for line comments.
Warning in 'hepatitisME.stan', line 17, column 25: Comments beginning with # are deprecated. Please use // in place of # for line comments.
Warning in 'hepatitisME.stan', line 18, column 25: Comments beginning with # are deprecated. Please use // in place of # for line comments.
Warning in 'hepatitisME.stan', line 19, column 32: Comments beginning with # are deprecated. Please use // in place of # for line comments.
Warning in 'hepatitisME.stan', line 25, column 10: assignment operator <- is deprecated in the Stan language; use = instead.
Warning in 'hepatitisME.stan', line 47, column 10: assignment operator <- is deprecated in the Stan language; use = instead.
Warning in 'hepatitisME.stan', line 48, column 14: assignment operator <- is deprecated in the Stan language; use = instead.
Warning in 'hepatitisME.stan', line 49, column 13: assignment operator <- is deprecated in the Stan language; use = instead.
Warning in 'hepatitisME.stan', line 56, column 9: assignment operator <- is deprecated in the Stan language; use = instead.
Warning in 'hepatitisME.stan', line 57, column 9: assignment operator <- is deprecated in the Stan language; use = instead.
Warning in 'hepatitisME.stan', line 62, column 2: Comments beginning with # are deprecated. Please use // in place of # for line comments.
Warning in 'hepatitisME.stan', line 63, column 2: Comments beginning with # are deprecated. Please use // in place of # for line comments.
