  $ ../../../../../../../install/default/bin/stanc --auto-format estdof.stan
data {
  int<lower=0> N;
  array[N] real y;
}
parameters {
  real<lower=2, upper=100> d;
}
model {
  y ~ student_t(d, 0, 1);
}

Warning in 'estdof.stan', line 2, column 0: Comments beginning with # are deprecated. Please use // in place of # for line comments.
Warning in 'estdof.stan', line 3, column 0: Comments beginning with # are deprecated. Please use // in place of # for line comments.
Warning in 'estdof.stan', line 4, column 0: Comments beginning with # are deprecated. Please use // in place of # for line comments.
Warning in 'estdof.stan', line 6, column 0: Comments beginning with # are deprecated. Please use // in place of # for line comments.
  $ ../../../../../../../install/default/bin/stanc --auto-format simt4.stan
transformed data {
  int d;
  d <- 4;
}
parameters {
  array[1000] real y;
}
model {
  y ~ student_t(d, 0, 1);
}

Warning in 'simt4.stan', line 1, column 0: Comments beginning with # are deprecated. Please use // in place of # for line comments.
Warning in 'simt4.stan', line 2, column 0: Comments beginning with # are deprecated. Please use // in place of # for line comments.
Warning in 'simt4.stan', line 3, column 0: Comments beginning with # are deprecated. Please use // in place of # for line comments.
Warning in 'simt4.stan', line 7, column 4: assignment operator <- is deprecated in the Stan language; use = instead.
