  $ ../../../../../../../install/default/bin/stanc --auto-format cervix2.stan
data {
  int<lower=0> Nc;
  int<lower=0> Ni;
  array[Nc] int xc;
  array[Nc] int wc;
  array[Nc] int dc;
  array[Ni] int wi;
  array[Ni] int di;
}
parameters {
  array[2, 2] real<lower=0, upper=1> phi;
  real<lower=0, upper=1> q;
  real beta0C;
  real beta;
}
model {
  for (n in 1 : Nc) {
    xc[n] ~ bernoulli(q);
    dc[n] ~ bernoulli_logit(beta0C + beta * xc[n]);
    wc[n] ~ bernoulli(phi[xc[n] + 1, dc[n] + 1]);
  }
  for (n in 1 : Ni) {
    di[n] ~ bernoulli(inv_logit(beta0C + beta) * q
                      + inv_logit(beta0C) * (1 - q));
    wi[n] ~ bernoulli(phi[1, di[n] + 1] * (1 - q) + phi[2, di[n] + 1] * q);
  }
  q ~ uniform(0, 1);
  beta0C ~ normal(0, 320);
  beta ~ normal(0, 320);
  for (i in 1 : 2) 
    for (j in 1 : 2) 
      phi[i, j] ~ uniform(0, 1);
}
generated quantities {
  real gamma1;
  real gamma2;
  gamma1 <- 1
            / (1 + (1 + exp(beta0C + beta)) / (1 + exp(beta0C)) * (1 - q) / q);
  gamma2 <- 1
            / (1
               + (1 + exp(-beta0C - beta)) / (1 + exp(-beta0C)) * (1 - q) / q);
}

Warning in 'cervix2.stan', line 1, column 0: Comments beginning with # are deprecated. Please use // in place of # for line comments.
Warning in 'cervix2.stan', line 2, column 0: Comments beginning with # are deprecated. Please use // in place of # for line comments.
Warning in 'cervix2.stan', line 4, column 0: Comments beginning with # are deprecated. Please use // in place of # for line comments.
Warning in 'cervix2.stan', line 6, column 0: Comments beginning with # are deprecated. Please use // in place of # for line comments.
Warning in 'cervix2.stan', line 7, column 0: Comments beginning with # are deprecated. Please use // in place of # for line comments.
Warning in 'cervix2.stan', line 8, column 0: Comments beginning with # are deprecated. Please use // in place of # for line comments.
Warning in 'cervix2.stan', line 9, column 0: Comments beginning with # are deprecated. Please use // in place of # for line comments.
Warning in 'cervix2.stan', line 10, column 0: Comments beginning with # are deprecated. Please use // in place of # for line comments.
Warning in 'cervix2.stan', line 12, column 0: Comments beginning with # are deprecated. Please use // in place of # for line comments.
Warning in 'cervix2.stan', line 29, column 2: Comments beginning with # are deprecated. Please use // in place of # for line comments.
Warning in 'cervix2.stan', line 30, column 2: Comments beginning with # are deprecated. Please use // in place of # for line comments.
Warning in 'cervix2.stan', line 56, column 2: Comments beginning with # are deprecated. Please use // in place of # for line comments.
Warning in 'cervix2.stan', line 57, column 9: assignment operator <- is deprecated in the Stan language; use = instead.
Warning in 'cervix2.stan', line 58, column 9: assignment operator <- is deprecated in the Stan language; use = instead.
