  $ ../../../../../../install/default/bin/stanc --auto-format fx_equicorr.stan
data {
  int r;
  int T;
  matrix[r, T] y;
  vector[r] m0;
  cov_matrix[r] C0;
}
transformed data {
  vector[r] ones;
  matrix[r, r] G;
  matrix[r, r] F;
  for (i in 1 : r) {
    ones[i] <- 1.0;
  }
  G <- diag_matrix(ones);
  F <- G;
}
parameters {
  real<lower=-1.0, upper=1.0> rho;
  vector<lower=0.0>[r] sigma;
  vector<lower=0.0>[r] W_diag;
}
transformed parameters {
  cov_matrix[r] V;
  cov_matrix[r] W;
  W <- diag_matrix(W_diag);
  for (i in 1 : r) {
    V[i, i] <- pow(sigma[i], 2);
    for (j in 1 : (i - 1)) {
      V[i, j] <- sigma[i] * sigma[j] * rho;
      V[j, i] <- V[i, j];
    }
  }
}
model {
  y ~ gaussian_dlm_obs(F, G, V, W, m0, C0);
}

Warning in 'fx_equicorr.stan', line 13, column 12: assignment operator <- is deprecated in the Stan language; use = instead.
Warning in 'fx_equicorr.stan', line 15, column 4: assignment operator <- is deprecated in the Stan language; use = instead.
Warning in 'fx_equicorr.stan', line 16, column 4: assignment operator <- is deprecated in the Stan language; use = instead.
Warning in 'fx_equicorr.stan', line 26, column 4: assignment operator <- is deprecated in the Stan language; use = instead.
Warning in 'fx_equicorr.stan', line 28, column 12: assignment operator <- is deprecated in the Stan language; use = instead.
Warning in 'fx_equicorr.stan', line 30, column 14: assignment operator <- is deprecated in the Stan language; use = instead.
Warning in 'fx_equicorr.stan', line 31, column 14: assignment operator <- is deprecated in the Stan language; use = instead.
  $ ../../../../../../install/default/bin/stanc --auto-format fx_factor.stan
data {
  int r;
  int T;
  matrix[r, T] y;
  vector[1] m0;
  cov_matrix[1] C0;
}
transformed data {
  matrix[1, 1] G;
}
parameters {
  vector[r - 1] lambda;
  vector<lower=0.0>[r] V;
  cov_matrix[1] W;
}
transformed parameters {
  matrix[1, r] F;
  F[1, 1] <- 1;
  for (i in 1 : (r - 1)) {
    F[1, i + 1] <- lambda[i];
  }
}
model {
  y ~ gaussian_dlm_obs(F, G, V, W, m0, C0);
}

Warning in 'fx_factor.stan', line 21, column 10: assignment operator <- is deprecated in the Stan language; use = instead.
Warning in 'fx_factor.stan', line 23, column 16: assignment operator <- is deprecated in the Stan language; use = instead.
  $ ../../../../../../install/default/bin/stanc --auto-format nile.stan
data {
  int n;
  matrix[1, n] y;
  vector[1] m0;
  matrix[1, 1] C0;
}
transformed data {
  matrix[1, 1] F;
  matrix[1, 1] G;
  F = rep_matrix(1, 1, 1);
  G = rep_matrix(1, 1, 1);
}
parameters {
  real<lower=0> sigma_y;
  real<lower=0> sigma_theta;
}
model {
  matrix[1, 1] V;
  matrix[1, 1] W;
  V[1, 1] = pow(sigma_y, 2);
  W[1, 1] = pow(sigma_theta, 2);
  y ~ gaussian_dlm_obs(F, G, V, W, m0, C0);
}

