  $ ../../../../../install/default/bin/stanc --auto-format binormal.stan
transformed data {
  matrix[2, 2] Sigma;
  vector[2] mu;
  mu[1] <- 0.0;
  mu[2] <- 0.0;
  Sigma[1, 1] <- 1.0;
  Sigma[2, 2] <- 1.0;
  Sigma[1, 2] <- 0.10;
  Sigma[2, 1] <- 0.10;
}
parameters {
  vector[2] y;
}
model {
  y ~ multi_normal(mu, Sigma);
}

Warning in 'binormal.stan', line 5, column 10: assignment operator <- is deprecated in the Stan language; use = instead.
Warning in 'binormal.stan', line 6, column 10: assignment operator <- is deprecated in the Stan language; use = instead.
Warning in 'binormal.stan', line 7, column 15: assignment operator <- is deprecated in the Stan language; use = instead.
Warning in 'binormal.stan', line 8, column 15: assignment operator <- is deprecated in the Stan language; use = instead.
Warning in 'binormal.stan', line 9, column 15: assignment operator <- is deprecated in the Stan language; use = instead.
Warning in 'binormal.stan', line 10, column 15: assignment operator <- is deprecated in the Stan language; use = instead.
  $ ../../../../../install/default/bin/stanc --auto-format inv_wishart.stan
transformed data {
  cov_matrix[3] S;
  S[1, 1] <- 2;
  S[1, 2] <- 0;
  S[1, 3] <- 0;
  S[2, 2] <- 1;
  S[2, 1] <- 0;
  S[2, 3] <- 0;
  S[3, 3] <- .5;
  S[3, 1] <- 0;
  S[3, 2] <- 0;
}
parameters {
  cov_matrix[3] W;
}
model {
  W ~ inv_wishart(5, S);
}

Warning in 'inv_wishart.stan', line 3, column 10: assignment operator <- is deprecated in the Stan language; use = instead.
Warning in 'inv_wishart.stan', line 3, column 24: assignment operator <- is deprecated in the Stan language; use = instead.
Warning in 'inv_wishart.stan', line 3, column 38: assignment operator <- is deprecated in the Stan language; use = instead.
Warning in 'inv_wishart.stan', line 4, column 10: assignment operator <- is deprecated in the Stan language; use = instead.
Warning in 'inv_wishart.stan', line 4, column 24: assignment operator <- is deprecated in the Stan language; use = instead.
Warning in 'inv_wishart.stan', line 4, column 38: assignment operator <- is deprecated in the Stan language; use = instead.
Warning in 'inv_wishart.stan', line 5, column 10: assignment operator <- is deprecated in the Stan language; use = instead.
Warning in 'inv_wishart.stan', line 5, column 25: assignment operator <- is deprecated in the Stan language; use = instead.
Warning in 'inv_wishart.stan', line 5, column 39: assignment operator <- is deprecated in the Stan language; use = instead.
  $ ../../../../../install/default/bin/stanc --auto-format normal.stan
parameters {
  real y;
}
model {
  y ~ normal(0, 1);
}

  $ ../../../../../install/default/bin/stanc --auto-format normal_mixture.stan
transformed data {
  real<lower=0, upper=1> theta;
  array[2] real mu;
  array[2] real<lower=0> sigma;
  mu[1] <- 0.0;
  sigma[1] <- 0.5;
  mu[2] <- 4.0;
  sigma[2] <- 3.0;
  theta <- 0.25;
}
parameters {
  real y;
}
model {
  increment_log_prob(log_sum_exp(log(theta) + normal_log(y, mu[1], sigma[1]),
                                 log(1.0 - theta)
                                 + normal_log(y, mu[2], sigma[2])));
}

Warning in 'normal_mixture.stan', line 6, column 8: assignment operator <- is deprecated in the Stan language; use = instead.
Warning in 'normal_mixture.stan', line 6, column 28: assignment operator <- is deprecated in the Stan language; use = instead.
Warning in 'normal_mixture.stan', line 7, column 8: assignment operator <- is deprecated in the Stan language; use = instead.
Warning in 'normal_mixture.stan', line 7, column 28: assignment operator <- is deprecated in the Stan language; use = instead.
Warning in 'normal_mixture.stan', line 8, column 8: assignment operator <- is deprecated in the Stan language; use = instead.
Warning in 'normal_mixture.stan', line 14, column 2: increment_log_prob(...); is deprecated and will be removed in the future. Use target += ...; instead.
Warning in 'normal_mixture.stan', line 15, column 37: normal_log is deprecated and will be removed in the future. Use normal_lpdf instead.
Warning in 'normal_mixture.stan', line 17, column 35: normal_log is deprecated and will be removed in the future. Use normal_lpdf instead.
  $ ../../../../../install/default/bin/stanc --auto-format ordered_pair.stan
transformed data {
  real L;
  real H;
  L <- -5.0;
  H <- 5.0;
}
parameters {
  real<lower=L, upper=H> a;
  real<lower=a, upper=H> b;
}
model {

}

Warning in 'ordered_pair.stan', line 4, column 6: assignment operator <- is deprecated in the Stan language; use = instead.
Warning in 'ordered_pair.stan', line 5, column 6: assignment operator <- is deprecated in the Stan language; use = instead.
  $ ../../../../../install/default/bin/stanc --auto-format sorted_pair.stan
parameters {
  real<lower=-1, upper=1> x1;
  real<lower=-1, upper=1> x2;
}
model {

}
generated quantities {
  real a;
  real b;
  a <- fmax(x1, x2);
  b <- fmin(x1, x2);
}

Warning in 'sorted_pair.stan', line 10, column 6: assignment operator <- is deprecated in the Stan language; use = instead.
Warning in 'sorted_pair.stan', line 11, column 6: assignment operator <- is deprecated in the Stan language; use = instead.
  $ ../../../../../install/default/bin/stanc --auto-format triangle.stan
parameters {
  real<lower=-1, upper=1> y;
}
model {
  increment_log_prob(log1m(fabs(y)));
}

Warning in 'triangle.stan', line 5, column 2: increment_log_prob(...); is deprecated and will be removed in the future. Use target += ...; instead.
  $ ../../../../../install/default/bin/stanc --auto-format uniform.stan
parameters {
  real<lower=0, upper=1> y;
}
model {
  y ~ uniform(0, 1);
}

  $ ../../../../../install/default/bin/stanc --auto-format wishart.stan
transformed data {
  cov_matrix[2] S;
  for (i in 1 : 2) 
    for (j in 1 : 2) 
      S[i, j] <- 0.0;
  S[1, 1] <- 2.0;
  S[2, 2] <- 0.5;
}
parameters {
  cov_matrix[2] W;
}
model {
  W ~ wishart(4, S);
}

Warning in 'wishart.stan', line 6, column 13: assignment operator <- is deprecated in the Stan language; use = instead.
Warning in 'wishart.stan', line 8, column 9: assignment operator <- is deprecated in the Stan language; use = instead.
Warning in 'wishart.stan', line 9, column 9: assignment operator <- is deprecated in the Stan language; use = instead.
  $ ../../../../../install/default/bin/stanc --auto-format wishart2.stan
transformed data {
  cov_matrix[4] S;
  S[1, 1] <- 2.9983662;
  S[1, 2] <- 0.2898776;
  S[1, 3] <- -2.650523;
  S[1, 4] <- 0.1055911;
  S[2, 2] <- 11.4803610;
  S[2, 3] <- 7.157993;
  S[2, 4] <- -3.1129955;
  S[3, 3] <- 11.676181;
  S[3, 4] <- -3.5866852;
  S[4, 4] <- 1.4482736;
  for (m in 1 : 4) 
    for (n in 1 : (m - 1)) 
      S[m, n] <- S[n, m];
}
parameters {
  cov_matrix[4] W;
}
model {
  W ~ wishart(10, S);
}

Warning in 'wishart2.stan', line 4, column 9: assignment operator <- is deprecated in the Stan language; use = instead.
Warning in 'wishart2.stan', line 5, column 9: assignment operator <- is deprecated in the Stan language; use = instead.
Warning in 'wishart2.stan', line 6, column 9: assignment operator <- is deprecated in the Stan language; use = instead.
Warning in 'wishart2.stan', line 7, column 9: assignment operator <- is deprecated in the Stan language; use = instead.
Warning in 'wishart2.stan', line 8, column 9: assignment operator <- is deprecated in the Stan language; use = instead.
Warning in 'wishart2.stan', line 9, column 9: assignment operator <- is deprecated in the Stan language; use = instead.
Warning in 'wishart2.stan', line 10, column 9: assignment operator <- is deprecated in the Stan language; use = instead.
Warning in 'wishart2.stan', line 11, column 9: assignment operator <- is deprecated in the Stan language; use = instead.
Warning in 'wishart2.stan', line 12, column 9: assignment operator <- is deprecated in the Stan language; use = instead.
Warning in 'wishart2.stan', line 13, column 9: assignment operator <- is deprecated in the Stan language; use = instead.
Warning in 'wishart2.stan', line 17, column 13: assignment operator <- is deprecated in the Stan language; use = instead.
  $ ../../../../../install/default/bin/stanc --auto-format wishart2x2.stan
transformed data {
  cov_matrix[2] S;
  for (i in 1 : 2) 
    for (j in 1 : 2) 
      S[i, j] <- 0.0;
  S[1, 1] <- 2.0;
  S[2, 2] <- 0.5;
}
parameters {
  real x;
  real<lower=0> sd1;
  real<lower=0> sd2;
}
transformed parameters {
  real rho;
  real cov;
  matrix[2, 2] W;
  rho <- tanh(x);
  cov <- rho * sd1 * sd2;
  W[1, 1] <- sd1 * sd1;
  W[2, 2] <- sd2 * sd2;
  W[1, 2] <- cov;
  W[2, 1] <- cov;
}
model {
  increment_log_prob(log(2.0 * sd1) + log(2.0 * sd2)
                     + log(sd1 * sd2 * (1.0 - rho * rho)));
  W ~ wishart(4, S);
}

Warning in 'wishart2x2.stan', line 17, column 13: assignment operator <- is deprecated in the Stan language; use = instead.
Warning in 'wishart2x2.stan', line 19, column 9: assignment operator <- is deprecated in the Stan language; use = instead.
Warning in 'wishart2x2.stan', line 20, column 9: assignment operator <- is deprecated in the Stan language; use = instead.
Warning in 'wishart2x2.stan', line 32, column 6: assignment operator <- is deprecated in the Stan language; use = instead.
Warning in 'wishart2x2.stan', line 33, column 6: assignment operator <- is deprecated in the Stan language; use = instead.
Warning in 'wishart2x2.stan', line 35, column 9: assignment operator <- is deprecated in the Stan language; use = instead.
Warning in 'wishart2x2.stan', line 36, column 9: assignment operator <- is deprecated in the Stan language; use = instead.
Warning in 'wishart2x2.stan', line 37, column 9: assignment operator <- is deprecated in the Stan language; use = instead.
Warning in 'wishart2x2.stan', line 38, column 9: assignment operator <- is deprecated in the Stan language; use = instead.
Warning in 'wishart2x2.stan', line 51, column 2: increment_log_prob(...); is deprecated and will be removed in the future. Use target += ...; instead.
