  $ ../../../../../../../install/default/bin/stanc --auto-format blocker.stan
data {
  int<lower=0> N;
  array[N] int<lower=0> nt;
  array[N] int<lower=0> rt;
  array[N] int<lower=0> nc;
  array[N] int<lower=0> rc;
}
parameters {
  real d;
  real<lower=0> sigmasq_delta;
  vector[N] mu;
  vector[N] delta;
  real delta_new;
}
transformed parameters {
  real<lower=0> sigma_delta;
  sigma_delta <- sqrt(sigmasq_delta);
}
model {
  rt ~ binomial_logit(nt, mu + delta);
  rc ~ binomial_logit(nc, mu);
  delta ~ student_t(4, d, sigma_delta);
  mu ~ normal(0, sqrt(1E5));
  d ~ normal(0, 1E3);
  sigmasq_delta ~ inv_gamma(1E-3, 1E-3);
  delta_new ~ student_t(4, d, sigma_delta);
}

Warning in 'blocker.stan', line 1, column 0: Comments beginning with # are deprecated. Please use // in place of # for line comments.
Warning in 'blocker.stan', line 18, column 14: assignment operator <- is deprecated in the Stan language; use = instead.
